Archive member included to satisfy reference by file (symbol)

C:/ST/STM32CubeIDE_1.19.0/STM32CubeIDE/plugins/com.st.stm32cube.ide.mcu.externaltools.gnu-tools-for-stm32.13.3.rel1.win32_1.0.0.202411081344/tools/bin/../lib/gcc/arm-none-eabi/13.3.1/../../../../arm-none-eabi/lib/thumb/v7e-m+fp/hard\libc_nano.a(libc_a-exit.o)
                              C:/ST/STM32CubeIDE_1.19.0/STM32CubeIDE/plugins/com.st.stm32cube.ide.mcu.externaltools.gnu-tools-for-stm32.13.3.rel1.win32_1.0.0.202411081344/tools/bin/../lib/gcc/arm-none-eabi/13.3.1/../../../../arm-none-eabi/lib/thumb/v7e-m+fp/hard/crt0.o (exit)
C:/ST/STM32CubeIDE_1.19.0/STM32CubeIDE/plugins/com.st.stm32cube.ide.mcu.externaltools.gnu-tools-for-stm32.13.3.rel1.win32_1.0.0.202411081344/tools/bin/../lib/gcc/arm-none-eabi/13.3.1/../../../../arm-none-eabi/lib/thumb/v7e-m+fp/hard\libc_nano.a(libc_a-findfp.o)
                              ./Middlewares/Third_Party/FreeRTOS/tasks.o (__sf)
C:/ST/STM32CubeIDE_1.19.0/STM32CubeIDE/plugins/com.st.stm32cube.ide.mcu.externaltools.gnu-tools-for-stm32.13.3.rel1.win32_1.0.0.202411081344/tools/bin/../lib/gcc/arm-none-eabi/13.3.1/../../../../arm-none-eabi/lib/thumb/v7e-m+fp/hard\libc_nano.a(libc_a-fwalk.o)
                              C:/ST/STM32CubeIDE_1.19.0/STM32CubeIDE/plugins/com.st.stm32cube.ide.mcu.externaltools.gnu-tools-for-stm32.13.3.rel1.win32_1.0.0.202411081344/tools/bin/../lib/gcc/arm-none-eabi/13.3.1/../../../../arm-none-eabi/lib/thumb/v7e-m+fp/hard\libc_nano.a(libc_a-findfp.o) (_fwalk_sglue)
C:/ST/STM32CubeIDE_1.19.0/STM32CubeIDE/plugins/com.st.stm32cube.ide.mcu.externaltools.gnu-tools-for-stm32.13.3.rel1.win32_1.0.0.202411081344/tools/bin/../lib/gcc/arm-none-eabi/13.3.1/../../../../arm-none-eabi/lib/thumb/v7e-m+fp/hard\libc_nano.a(libc_a-stdio.o)
                              C:/ST/STM32CubeIDE_1.19.0/STM32CubeIDE/plugins/com.st.stm32cube.ide.mcu.externaltools.gnu-tools-for-stm32.13.3.rel1.win32_1.0.0.202411081344/tools/bin/../lib/gcc/arm-none-eabi/13.3.1/../../../../arm-none-eabi/lib/thumb/v7e-m+fp/hard\libc_nano.a(libc_a-findfp.o) (__sread)
C:/ST/STM32CubeIDE_1.19.0/STM32CubeIDE/plugins/com.st.stm32cube.ide.mcu.externaltools.gnu-tools-for-stm32.13.3.rel1.win32_1.0.0.202411081344/tools/bin/../lib/gcc/arm-none-eabi/13.3.1/../../../../arm-none-eabi/lib/thumb/v7e-m+fp/hard\libc_nano.a(libc_a-memset.o)
                              C:/ST/STM32CubeIDE_1.19.0/STM32CubeIDE/plugins/com.st.stm32cube.ide.mcu.externaltools.gnu-tools-for-stm32.13.3.rel1.win32_1.0.0.202411081344/tools/bin/../lib/gcc/arm-none-eabi/13.3.1/../../../../arm-none-eabi/lib/thumb/v7e-m+fp/hard/crt0.o (memset)
C:/ST/STM32CubeIDE_1.19.0/STM32CubeIDE/plugins/com.st.stm32cube.ide.mcu.externaltools.gnu-tools-for-stm32.13.3.rel1.win32_1.0.0.202411081344/tools/bin/../lib/gcc/arm-none-eabi/13.3.1/../../../../arm-none-eabi/lib/thumb/v7e-m+fp/hard\libc_nano.a(libc_a-closer.o)
                              C:/ST/STM32CubeIDE_1.19.0/STM32CubeIDE/plugins/com.st.stm32cube.ide.mcu.externaltools.gnu-tools-for-stm32.13.3.rel1.win32_1.0.0.202411081344/tools/bin/../lib/gcc/arm-none-eabi/13.3.1/../../../../arm-none-eabi/lib/thumb/v7e-m+fp/hard\libc_nano.a(libc_a-stdio.o) (_close_r)
C:/ST/STM32CubeIDE_1.19.0/STM32CubeIDE/plugins/com.st.stm32cube.ide.mcu.externaltools.gnu-tools-for-stm32.13.3.rel1.win32_1.0.0.202411081344/tools/bin/../lib/gcc/arm-none-eabi/13.3.1/../../../../arm-none-eabi/lib/thumb/v7e-m+fp/hard\libc_nano.a(libc_a-reent.o)
                              ./Middlewares/Third_Party/FreeRTOS/tasks.o (_reclaim_reent)
C:/ST/STM32CubeIDE_1.19.0/STM32CubeIDE/plugins/com.st.stm32cube.ide.mcu.externaltools.gnu-tools-for-stm32.13.3.rel1.win32_1.0.0.202411081344/tools/bin/../lib/gcc/arm-none-eabi/13.3.1/../../../../arm-none-eabi/lib/thumb/v7e-m+fp/hard\libc_nano.a(libc_a-impure.o)
                              ./Middlewares/Third_Party/FreeRTOS/tasks.o (_impure_ptr)
C:/ST/STM32CubeIDE_1.19.0/STM32CubeIDE/plugins/com.st.stm32cube.ide.mcu.externaltools.gnu-tools-for-stm32.13.3.rel1.win32_1.0.0.202411081344/tools/bin/../lib/gcc/arm-none-eabi/13.3.1/../../../../arm-none-eabi/lib/thumb/v7e-m+fp/hard\libc_nano.a(libc_a-lseekr.o)
                              C:/ST/STM32CubeIDE_1.19.0/STM32CubeIDE/plugins/com.st.stm32cube.ide.mcu.externaltools.gnu-tools-for-stm32.13.3.rel1.win32_1.0.0.202411081344/tools/bin/../lib/gcc/arm-none-eabi/13.3.1/../../../../arm-none-eabi/lib/thumb/v7e-m+fp/hard\libc_nano.a(libc_a-stdio.o) (_lseek_r)
C:/ST/STM32CubeIDE_1.19.0/STM32CubeIDE/plugins/com.st.stm32cube.ide.mcu.externaltools.gnu-tools-for-stm32.13.3.rel1.win32_1.0.0.202411081344/tools/bin/../lib/gcc/arm-none-eabi/13.3.1/../../../../arm-none-eabi/lib/thumb/v7e-m+fp/hard\libc_nano.a(libc_a-readr.o)
[...]
Memory Configuration

Name             Origin             Length             Attributes
FLASH            0x08100000         0x00100000         xr
RAM              0x10000000         0x00048000         xrw
*default*        0x00000000         0xffffffff

Linker script and memory map

LOAD C:/ST/STM32CubeIDE_1.19.0/STM32CubeIDE/plugins/com.st.stm32cube.ide.mcu.externaltools.gnu-tools-for-stm32.13.3.rel1.win32_1.0.0.202411081344/tools/bin/../lib/gcc/arm-none-eabi/13.3.1/thumb/v7e-m+fp/hard/crti.o
LOAD C:/ST/STM32CubeIDE_1.19.0/STM32CubeIDE/plugins/com.st.stm32cube.ide.mcu.externaltools.gnu-tools-for-stm32.13.3.rel1.win32_1.0.0.202411081344/tools/bin/../lib/gcc/arm-none-eabi/13.3.1/thumb/v7e-m+fp/hard/crtbegin.o
LOAD C:/ST/STM32CubeIDE_1.19.0/STM32CubeIDE/plugins/com.st.stm32cube.ide.mcu.externaltools.gnu-tools-for-stm32.13.3.rel1.win32_1.0.0.202411081344/tools/bin/../lib/gcc/arm-none-eabi/13.3.1/../../../../arm-none-eabi/lib/thumb/v7e-m+fp/hard/crt0.o
LOAD ./Common/Src/system_stm32h7xx_dualcore_boot_cm4_cm7.o
LOAD ./Core/Src/freertos.o
LOAD ./Core/Src/main.o
LOAD ./Core/Src/stm32h7xx_hal_msp.o
LOAD ./Core/Src/stm32h7xx_hal_timebase_tim.o
LOAD ./Core/Src/stm32h7xx_it.o
LOAD ./Core/Src/syscalls.o
LOAD ./Core/Src/sysmem.o
LOAD ./Core/Startup/startup_stm32h755zitx.o
LOAD ./Drivers/BSP/STM32H7xx_Nucleo/stm32h7xx_nucleo.o
LOAD ./Drivers/STM32H7xx_HAL_Driver/stm32h7xx_hal.o
LOAD ./Drivers/STM32H7xx_HAL_Driver/stm32h7xx_hal_cortex.o
LOAD ./Drivers/STM32H7xx_HAL_Driver/stm32h7xx_hal_dma.o
LOAD ./Drivers/STM32H7xx_HAL_Driver/stm32h7xx_hal_dma_ex.o
LOAD ./Drivers/STM32H7xx_HAL_Driver/stm32h7xx_hal_exti.o
LOAD ./Drivers/STM32H7xx_HAL_Driver/stm32h7xx_hal_flash.o
LOAD ./Drivers/STM32H7xx_HAL_Driver/stm32h7xx_hal_flash_ex.o
LOAD ./Drivers/STM32H7xx_HAL_Driver/stm32h7xx_hal_gpio.o
LOAD ./Drivers/STM32H7xx_HAL_Driver/stm32h7xx_hal_hsem.o
LOAD ./Drivers/STM32H7xx_HAL_Driver/stm32h7xx_hal_i2c.o
LOAD ./Drivers/STM32H7xx_HAL_Driver/stm32h7xx_hal_i2c_ex.o
LOAD ./Drivers/STM32H7xx_HAL_Driver/stm32h7xx_hal_mdma.o
LOAD ./Drivers/STM32H7xx_HAL_Driver/stm32h7xx_hal_pwr.o
LOAD ./Drivers/STM32H7xx_HAL_Driver/stm32h7xx_hal_pwr_ex.o
LOAD ./Drivers/STM32H7xx_HAL_Driver/stm32h7xx_hal_rcc.o
LOAD ./Drivers/STM32H7xx_HAL_Driver/stm32h7xx_hal_rcc_ex.o
LOAD ./Drivers/STM32H7xx_HAL_Driver/stm32h7xx_hal_tim.o
LOAD ./Drivers/STM32H7xx_HAL_Driver/stm32h7xx_hal_tim_ex.o
LOAD ./Drivers/STM32H7xx_HAL_Driver/stm32h7xx_hal_uart.o
LOAD ./Drivers/STM32H7xx_HAL_Driver/stm32h7xx_hal_uart_ex.o
LOAD ./Drivers/STM32H7xx_HAL_Driver/stm32h7xx_hal_usart.o
LOAD ./Drivers/STM32H7xx_HAL_Driver/stm32h7xx_hal_usart_ex.o
LOAD ./Middlewares/Third_Party/FreeRTOS/cmsis_os.o
LOAD ./Middlewares/Third_Party/FreeRTOS/croutine.o
LOAD ./Middlewares/Third_Party/FreeRTOS/event_groups.o
LOAD ./Middlewares/Third_Party/FreeRTOS/heap_4.o
LOAD ./Middlewares/Third_Party/FreeRTOS/list.o
LOAD ./Middlewares/Third_Party/FreeRTOS/port.o
LOAD ./Middlewares/Third_Party/FreeRTOS/queue.o
LOAD ./Middlewares/Third_Party/FreeRTOS/stream_buffer.o
LOAD ./Middlewares/Third_Party/FreeRTOS/tasks.o
LOAD ./Middlewares/Third_Party/FreeRTOS/timers.o
START GROUP
LOAD C:/ST/STM32CubeIDE_1.19.0/STM32CubeIDE/plugins/com.st.stm32cube.ide.mcu.externaltools.gnu-tools-for-stm32.13.3.rel1.win32_1.0.0.202411081344/tools/bin/../lib/gcc/arm-none-eabi/13.3.1/../../../../arm-none-eabi/lib/thumb/v7e-m+fp/hard\libc_nano.a
LOAD C:/ST/STM32CubeIDE_1.19.0/STM32CubeIDE/plugins/com.st.stm32cube.ide.mcu.externaltools.gnu-tools-for-stm32.13.3.rel1.win32_1.0.0.202411081344/tools/bin/../lib/gcc/arm-none-eabi/13.3.1/../../../../arm-none-eabi/lib/thumb/v7e-m+fp/hard\libm.a
END GROUP
START GROUP
LOAD C:/ST/STM32CubeIDE_1.19.0/STM32CubeIDE/plugins/com.st.stm32cube.ide.mcu.externaltools.gnu-tools-for-stm32.13.3.rel1.win32_1.0.0.202411081344/tools/bin/../lib/gcc/arm-none-eabi/13.3.1/thumb/v7e-m+fp/hard\libgcc.a
LOAD C:/ST/STM32CubeIDE_1.19.0/STM32CubeIDE/plugins/com.st.stm32cube.ide.mcu.externaltools.gnu-tools-for-stm32.13.3.rel1.win32_1.0.0.202411081344/tools/bin/../lib/gcc/arm-none-eabi/13.3.1/../../../../arm-none-eabi/lib/thumb/v7e-m+fp/hard\libc_nano.a
END GROUP
START GROUP
LOAD C:/ST/STM32CubeIDE_1.19.0/STM32CubeIDE/plugins/com.st.stm32cube.ide.mcu.externaltools.gnu-tools-for-stm32.13.3.rel1.win32_1.0.0.202411081344/tools/bin/../lib/gcc/arm-none-eabi/13.3.1/thumb/v7e-m+fp/hard\libgcc.a
LOAD C:/ST/STM32CubeIDE_1.19.0/STM32CubeIDE/plugins/com.st.stm32cube.ide.mcu.externaltools.gnu-tools-for-stm32.13.3.rel1.win32_1.0.0.202411081344/tools/bin/../lib/gcc/arm-none-eabi/13.3.1/../../../../arm-none-eabi/lib/thumb/v7e-m+fp/hard\libc_nano.a
LOAD C:/ST/STM32CubeIDE_1.19.0/STM32CubeIDE/plugins/com.st.stm32cube.ide.mcu.externaltools.gnu-tools-for-stm32.13.3.rel1.win32_1.0.0.202411081344/tools/bin/../lib/gcc/arm-none-eabi/13.3.1/../../../../arm-none-eabi/lib/thumb/v7e-m+fp/hard\libnosys.a
END GROUP
START GROUP
LOAD C:/ST/STM32CubeIDE_1.19.0/STM32CubeIDE/plugins/com.st.stm32cube.ide.mcu.externaltools.gnu-tools-for-stm32.13.3.rel1.win32_1.0.0.202411081344/tools/bin/../lib/gcc/arm-none-eabi/13.3.1/thumb/v7e-m+fp/hard\libgcc.a
LOAD C:/ST/STM32CubeIDE_1.19.0/STM32CubeIDE/plugins/com.st.stm32cube.ide.mcu.externaltools.gnu-tools-for-stm32.13.3.rel1.win32_1.0.0.202411081344/tools/bin/../lib/gcc/arm-none-eabi/13.3.1/../../../../arm-none-eabi/lib/thumb/v7e-m+fp/hard\libc_nano.a
LOAD C:/ST/STM32CubeIDE_1.19.0/STM32CubeIDE/plugins/com.st.stm32cube.ide.mcu.externaltools.gnu-tools-for-stm32.13.3.rel1.win32_1.0.0.202411081344/tools/bin/../lib/gcc/arm-none-eabi/13.3.1/../../../../arm-none-eabi/lib/thumb/v7e-m+fp/hard\libnosys.a
END GROUP
LOAD C:/ST/STM32CubeIDE_1.19.0/STM32CubeIDE/plugins/com.st.stm32cube.ide.mcu.externaltools.gnu-tools-for-stm32.13.3.rel1.win32_1.0.0.202411081344/tools/bin/../lib/gcc/arm-none-eabi/13.3.1/thumb/v7e-m+fp/hard/crtend.o
LOAD C:/ST/STM32CubeIDE_1.19.0/STM32CubeIDE/plugins/com.st.stm32cube.ide.mcu.externaltools.gnu-tools-for-stm32.13.3.rel1.win32_1.0.0.202411081344/tools/bin/../lib/gcc/arm-none-eabi/13.3.1/thumb/v7e-m+fp/hard/crtn.o
                0x10048000                        _estack = (ORIGIN (RAM) + LENGTH (RAM))
                0x00000200                        _Min_Heap_Size = 0x200
                0x00000400                        _Min_Stack_Size = 0x400

.isr_vector     0x08100000      0x298
                0x08100000                        . = ALIGN (0x4)
 *(.isr_vector)
 .isr_vector    0x08100000      0x298 ./Core/Startup/startup_stm32h755zitx.o
                0x08100000                g_pfnVectors
                0x08100298                        . = ALIGN (0x4)

.text           0x081002a0     0x27ec
                0x081002a0                        . = ALIGN (0x4)
 *(.text)
 .text          0x081002a0       0x40 C:/ST/STM32CubeIDE_1.19.0/STM32CubeIDE/plugins/com.st.stm32cube.ide.mcu.externaltools.gnu-tools-for-stm32.13.3.rel1.win32_1.0.0.202411081344/tools/bin/../lib/gcc/arm-none-eabi/13.3.1/thumb/v7e-m+fp/hard/crtbegin.o
 *(.text*)
 .text.SystemInit
                0x081002e0       0x30 ./Common/Src/system_stm32h7xx_dualcore_boot_cm4_cm7.o
                0x081002e0                SystemInit
 .text.ExitRun0Mode
                0x08100310       0x30 ./Common/Src/system_stm32h7xx_dualcore_boot_cm4_cm7.o
                0x08100310                ExitRun0Mode
 .text.vApplicationGetIdleTaskMemory
                0x08100340       0x34 ./Core/Src/freertos.o
                0x08100340                vApplicationGetIdleTaskMemory
 .text.main     0x08100374       0xa8 ./Core/Src/main.o
                0x08100374                main
 .text.StartDefaultTask
                0x0810041c       0x10 ./Core/Src/main.o
                0x0810041c                StartDefaultTask
 .text.HAL_TIM_PeriodElapsedCallback
                0x0810042c       0x1e ./Core/Src/main.o
                0x0810042c                HAL_TIM_PeriodElapsedCallback
 *fill*         0x0810044a        0x2 
 .text.HAL_MspInit
                0x0810044c       0x3c ./Core/Src/stm32h7xx_hal_msp.o
                0x0810044c                HAL_MspInit
 .text.HAL_InitTick
                0x08100488       0xd4 ./Core/Src/stm32h7xx_hal_timebase_tim.o
                0x08100488                HAL_InitTick
 .text.NMI_Handler
                0x0810055c        0x8 ./Core/Src/stm32h7xx_it.o
                0x0810055c                NMI_Handler
 .text.HardFault_Handler
                0x08100564        0x8 ./Core/Src/stm32h7xx_it.o
                0x08100564                HardFault_Handler
 .text.MemManage_Handler
                0x0810056c        0x8 ./Core/Src/stm32h7xx_it.o
                0x0810056c                MemManage_Handler
 .text.BusFault_Handler
                0x08100574        0x8 ./Core/Src/stm32h7xx_it.o
                0x08100574                BusFault_Handler
 .text.UsageFault_Handler
                0x0810057c        0x8 ./Core/Src/stm32h7xx_it.o
                0x0810057c                UsageFault_Handler
 .text.DebugMon_Handler
                0x08100584        0xe ./Core/Src/stm32h7xx_it.o
                0x08100584                DebugMon_Handler
 *fill*         0x08100592        0x2 
 .text.TIM2_IRQHandler
                0x08100594       0x14 ./Core/Src/stm32h7xx_it.o
                0x08100594                TIM2_IRQHandler
 .text.Reset_Handler
                0x081005a8       0x54 ./Core/Startup/startup_stm32h755zitx.o
                0x081005a8                Reset_Handler
 .text.Default_Handler
                0x081005fc        0x2 ./Core/Startup/startup_stm32h755zitx.o
                0x081005fc                RTC_Alarm_IRQHandler
                0x081005fc                HASH_RNG_IRQHandler
                0x081005fc                EXTI2_IRQHandler
                0x081005fc                TIM8_CC_IRQHandler
                0x081005fc                HRTIM1_Master_IRQHandler
                0x081005fc                UART8_IRQHandler
                0x081005fc                SPI4_IRQHandler
                0x081005fc                TIM1_CC_IRQHandler
                0x081005fc                BDMA_Channel6_IRQHandler
                0x081005fc                DMA2_Stream5_IRQHandler
                0x081005fc                HRTIM1_FLT_IRQHandler
                0x081005fc                JPEG_IRQHandler
                0x081005fc                DMA1_Stream5_IRQHandler
                0x081005fc                BDMA_Channel1_IRQHandler
                0x081005fc                HRTIM1_TIMD_IRQHandler
                0x081005fc                TAMP_STAMP_IRQHandler
                0x081005fc                EXTI3_IRQHandler
                0x081005fc                LPTIM4_IRQHandler
                0x081005fc                TIM8_TRG_COM_TIM14_IRQHandler
                0x081005fc                LPTIM2_IRQHandler
                0x081005fc                DFSDM1_FLT1_IRQHandler
                0x081005fc                DMAMUX2_OVR_IRQHandler
                0x081005fc                TIM8_UP_TIM13_IRQHandler
                0x081005fc                I2C3_ER_IRQHandler
                0x081005fc                DFSDM1_FLT2_IRQHandler
                0x081005fc                MDMA_IRQHandler
                0x081005fc                LPTIM3_IRQHandler
                0x081005fc                HSEM1_IRQHandler
                0x081005fc                EXTI0_IRQHandler
                0x081005fc                I2C2_EV_IRQHandler
                0x081005fc                DMA1_Stream2_IRQHandler
                0x081005fc                FPU_IRQHandler
                0x081005fc                OTG_HS_WKUP_IRQHandler
                0x081005fc                FDCAN1_IT1_IRQHandler
                0x081005fc                LTDC_ER_IRQHandler
                0x081005fc                DMA2_Stream2_IRQHandler
                0x081005fc                HRTIM1_TIME_IRQHandler
                0x081005fc                SPI1_IRQHandler
                0x081005fc                TIM6_DAC_IRQHandler
                0x081005fc                DCMI_IRQHandler
                0x081005fc                HRTIM1_TIMC_IRQHandler
                0x081005fc                DMA2_Stream3_IRQHandler
                0x081005fc                SAI2_IRQHandler
                0x081005fc                DFSDM1_FLT3_IRQHandler
                0x081005fc                USART6_IRQHandler
                0x081005fc                TIM17_IRQHandler
                0x081005fc                USART3_IRQHandler
                0x081005fc                BDMA_Channel7_IRQHandler
                0x081005fc                CRYP_IRQHandler
                0x081005fc                LPTIM5_IRQHandler
                0x081005fc                UART5_IRQHandler
                0x081005fc                ADC3_IRQHandler
                0x081005fc                DMA2_Stream0_IRQHandler
                0x081005fc                TIM4_IRQHandler
                0x081005fc                BDMA_Channel2_IRQHandler
                0x081005fc                QUADSPI_IRQHandler
                0x081005fc                I2C1_EV_IRQHandler
                0x081005fc                DMA1_Stream6_IRQHandler
                0x081005fc                DMAMUX1_OVR_IRQHandler
                0x081005fc                DMA1_Stream1_IRQHandler
                0x081005fc                TIM16_IRQHandler
                0x081005fc                UART4_IRQHandler
                0x081005fc                BDMA_Channel5_IRQHandler
                0x081005fc                TIM3_IRQHandler
                0x081005fc                RCC_IRQHandler
                0x081005fc                TIM8_BRK_TIM12_IRQHandler
                0x081005fc                TIM1_TRG_COM_IRQHandler
                0x081005fc                Default_Handler
                0x081005fc                ECC_IRQHandler
                0x081005fc                CEC_IRQHandler
                0x081005fc                EXTI15_10_IRQHandler
                0x081005fc                BDMA_Channel0_IRQHandler
                0x081005fc                ADC_IRQHandler
                0x081005fc                DMA1_Stream7_IRQHandler
                0x081005fc                HRTIM1_TIMA_IRQHandler
                0x081005fc                SPI5_IRQHandler
                0x081005fc                TIM7_IRQHandler
                0x081005fc                SDMMC1_IRQHandler
                0x081005fc                TIM5_IRQHandler
                0x081005fc                DMA2_Stream7_IRQHandler
                0x081005fc                TIM15_IRQHandler
                0x081005fc                PVD_AVD_IRQHandler
                0x081005fc                I2C3_EV_IRQHandler
                0x081005fc                EXTI9_5_IRQHandler
                0x081005fc                RTC_WKUP_IRQHandler
                0x081005fc                LTDC_IRQHandler
                0x081005fc                SAI3_IRQHandler
                0x081005fc                ETH_WKUP_IRQHandler
                0x081005fc                SPDIF_RX_IRQHandler
                0x081005fc                SPI2_IRQHandler
                0x081005fc                OTG_HS_EP1_IN_IRQHandler
                0x081005fc                DMA1_Stream0_IRQHandler
                0x081005fc                CRS_IRQHandler
                0x081005fc                CM7_SEV_IRQHandler
                0x081005fc                EXTI4_IRQHandler
                0x081005fc                CM4_SEV_IRQHandler
                0x081005fc                HRTIM1_TIMB_IRQHandler
                0x081005fc                FDCAN2_IT1_IRQHandler
                0x081005fc                ETH_IRQHandler
                0x081005fc                TIM1_UP_IRQHandler
                0x081005fc                WWDG_RST_IRQHandler
                0x081005fc                BDMA_Channel4_IRQHandler
                0x081005fc                OTG_HS_EP1_OUT_IRQHandler
                0x081005fc                WWDG_IRQHandler
                0x081005fc                SPI6_IRQHandler
                0x081005fc                MDIOS_IRQHandler
                0x081005fc                I2C4_EV_IRQHandler
                0x081005fc                FDCAN2_IT0_IRQHandler
                0x081005fc                LPUART1_IRQHandler
                0x081005fc                FDCAN1_IT0_IRQHandler
                0x081005fc                OTG_FS_WKUP_IRQHandler
                0x081005fc                OTG_HS_IRQHandler
                0x081005fc                HSEM2_IRQHandler
                0x081005fc                DMA2D_IRQHandler
                0x081005fc                TIM1_BRK_IRQHandler
                0x081005fc                EXTI1_IRQHandler
                0x081005fc                SDMMC2_IRQHandler
                0x081005fc                OTG_FS_EP1_OUT_IRQHandler
                0x081005fc                BDMA_Channel3_IRQHandler
                0x081005fc                HOLD_CORE_IRQHandler
                0x081005fc                UART7_IRQHandler
                0x081005fc                MDIOS_WKUP_IRQHandler
                0x081005fc                USART2_IRQHandler
                0x081005fc                DFSDM1_FLT0_IRQHandler
                0x081005fc                SAI4_IRQHandler
                0x081005fc                I2C2_ER_IRQHandler
                0x081005fc                DMA2_Stream1_IRQHandler
                0x081005fc                FLASH_IRQHandler
                0x081005fc                DMA2_Stream4_IRQHandler
                0x081005fc                USART1_IRQHandler
                0x081005fc                OTG_FS_IRQHandler
                0x081005fc                SPI3_IRQHandler
                0x081005fc                WAKEUP_PIN_IRQHandler
                0x081005fc                DMA1_Stream4_IRQHandler
                0x081005fc                OTG_FS_EP1_IN_IRQHandler
                0x081005fc                I2C1_ER_IRQHandler
                0x081005fc                FMC_IRQHandler
                0x081005fc                FDCAN_CAL_IRQHandler
                0x081005fc                SWPMI1_IRQHandler
                0x081005fc                COMP1_IRQHandler
                0x081005fc                LPTIM1_IRQHandler
                0x081005fc                I2C4_ER_IRQHandler
                0x081005fc                DMA2_Stream6_IRQHandler
                0x081005fc                SAI1_IRQHandler
                0x081005fc                DMA1_Stream3_IRQHandler
 *fill*         0x081005fe        0x2 
 .text.HAL_Init
                0x08100600       0xbc ./Drivers/STM32H7xx_HAL_Driver/stm32h7xx_hal.o
                0x08100600                HAL_Init
 .text.HAL_IncTick
                0x081006bc       0x28 ./Drivers/STM32H7xx_HAL_Driver/stm32h7xx_hal.o
                0x081006bc                HAL_IncTick
 .text.__NVIC_SetPriorityGrouping
                0x081006e4       0x48 ./Drivers/STM32H7xx_HAL_Driver/stm32h7xx_hal_cortex.o
 .text.__NVIC_GetPriorityGrouping
                0x0810072c       0x1c ./Drivers/STM32H7xx_HAL_Driver/stm32h7xx_hal_cortex.o
 .text.__NVIC_EnableIRQ
                0x08100748       0x3c ./Drivers/STM32H7xx_HAL_Driver/stm32h7xx_hal_cortex.o
 .text.__NVIC_SetPriority
                0x08100784       0x54 ./Drivers/STM32H7xx_HAL_Driver/stm32h7xx_hal_cortex.o
 .text.NVIC_EncodePriority
                0x081007d8       0x66 ./Drivers/STM32H7xx_HAL_Driver/stm32h7xx_hal_cortex.o
 .text.HAL_NVIC_SetPriorityGrouping
                0x0810083e       0x16 ./Drivers/STM32H7xx_HAL_Driver/stm32h7xx_hal_cortex.o
                0x0810083e                HAL_NVIC_SetPriorityGrouping
 .text.HAL_NVIC_SetPriority
                0x08100854       0x34 ./Drivers/STM32H7xx_HAL_Driver/stm32h7xx_hal_cortex.o
                0x08100854                HAL_NVIC_SetPriority
 .text.HAL_NVIC_EnableIRQ
                0x08100888       0x1c ./Drivers/STM32H7xx_HAL_Driver/stm32h7xx_hal_cortex.o
                0x08100888                HAL_NVIC_EnableIRQ
 .text.HAL_GetCurrentCPUID
                0x081008a4       0x24 ./Drivers/STM32H7xx_HAL_Driver/stm32h7xx_hal_cortex.o
                0x081008a4                HAL_GetCurrentCPUID
 .text.HAL_HSEM_ActivateNotification
                0x081008c8       0x24 ./Drivers/STM32H7xx_HAL_Driver/stm32h7xx_hal_hsem.o
                0x081008c8                HAL_HSEM_ActivateNotification
 .text.HAL_PWREx_EnterSTOPMode
                0x081008ec       0xf4 ./Drivers/STM32H7xx_HAL_Driver/stm32h7xx_hal_pwr_ex.o
                0x081008ec                HAL_PWREx_EnterSTOPMode
 .text.HAL_PWREx_ClearPendingEvent
                0x081009e0       0x1a ./Drivers/STM32H7xx_HAL_Driver/stm32h7xx_hal_pwr_ex.o
                0x081009e0                HAL_PWREx_ClearPendingEvent
 *fill*         0x081009fa        0x2 
 .text.HAL_RCC_GetSysClockFreq
                0x081009fc      0x2f4 ./Drivers/STM32H7xx_HAL_Driver/stm32h7xx_hal_rcc.o
                0x081009fc                HAL_RCC_GetSysClockFreq
 .text.HAL_RCC_GetHCLKFreq
                0x08100cf0       0x64 ./Drivers/STM32H7xx_HAL_Driver/stm32h7xx_hal_rcc.o
                0x08100cf0                HAL_RCC_GetHCLKFreq
 .text.HAL_RCC_GetPCLK1Freq
                0x08100d54       0x2c ./Drivers/STM32H7xx_HAL_Driver/stm32h7xx_hal_rcc.o
                0x08100d54                HAL_RCC_GetPCLK1Freq
 .text.HAL_RCC_GetClockConfig
                0x08100d80       0x84 ./Drivers/STM32H7xx_HAL_Driver/stm32h7xx_hal_rcc.o
                0x08100d80                HAL_RCC_GetClockConfig
 .text.HAL_TIM_Base_Init
                0x08100e04       0xae ./Drivers/STM32H7xx_HAL_Driver/stm32h7xx_hal_tim.o
                0x08100e04                HAL_TIM_Base_Init
 .text.HAL_TIM_Base_MspInit
                0x08100eb2       0x14 ./Drivers/STM32H7xx_HAL_Driver/stm32h7xx_hal_tim.o
                0x08100eb2                HAL_TIM_Base_MspInit
 *fill*         0x08100ec6        0x2 
 .text.HAL_TIM_Base_Start_IT
                0x08100ec8       0xf0 ./Drivers/STM32H7xx_HAL_Driver/stm32h7xx_hal_tim.o
                0x08100ec8                HAL_TIM_Base_Start_IT
 .text.HAL_TIM_IRQHandler
                0x08100fb8      0x20e ./Drivers/STM32H7xx_HAL_Driver/stm32h7xx_hal_tim.o
                0x08100fb8                HAL_TIM_IRQHandler
 .text.HAL_TIM_OC_DelayElapsedCallback
                0x081011c6       0x14 ./Drivers/STM32H7xx_HAL_Driver/stm32h7xx_hal_tim.o
                0x081011c6                HAL_TIM_OC_DelayElapsedCallback
 .text.HAL_TIM_IC_CaptureCallback
                0x081011da       0x14 ./Drivers/STM32H7xx_HAL_Driver/stm32h7xx_hal_tim.o
                0x081011da                HAL_TIM_IC_CaptureCallback
 .text.HAL_TIM_PWM_PulseFinishedCallback
                0x081011ee       0x14 ./Drivers/STM32H7xx_HAL_Driver/stm32h7xx_hal_tim.o
                0x081011ee                HAL_TIM_PWM_PulseFinishedCallback
 .text.HAL_TIM_TriggerCallback
                0x08101202       0x14 ./Drivers/STM32H7xx_HAL_Driver/stm32h7xx_hal_tim.o
                0x08101202                HAL_TIM_TriggerCallback
 *fill*         0x08101216        0x2 
 .text.TIM_Base_SetConfig
                0x08101218      0x140 ./Drivers/STM32H7xx_HAL_Driver/stm32h7xx_hal_tim.o
                0x08101218                TIM_Base_SetConfig
 .text.HAL_TIMEx_CommutCallback
                0x08101358       0x14 ./Drivers/STM32H7xx_HAL_Driver/stm32h7xx_hal_tim_ex.o
                0x08101358                HAL_TIMEx_CommutCallback
 .text.HAL_TIMEx_BreakCallback
                0x0810136c       0x14 ./Drivers/STM32H7xx_HAL_Driver/stm32h7xx_hal_tim_ex.o
                0x0810136c                HAL_TIMEx_BreakCallback
 .text.HAL_TIMEx_Break2Callback
                0x08101380       0x14 ./Drivers/STM32H7xx_HAL_Driver/stm32h7xx_hal_tim_ex.o
                0x08101380                HAL_TIMEx_Break2Callback
 .text.makeFreeRtosPriority
                0x08101394       0x30 ./Middlewares/Third_Party/FreeRTOS/cmsis_os.o
 .text.osKernelStart
                0x081013c4        0xe ./Middlewares/Third_Party/FreeRTOS/cmsis_os.o
                0x081013c4                osKernelStart
 .text.osThreadCreate
                0x081013d2       0x98 ./Middlewares/Third_Party/FreeRTOS/cmsis_os.o
                0x081013d2                osThreadCreate
 .text.osDelay  0x0810146a       0x28 ./Middlewares/Third_Party/FreeRTOS/cmsis_os.o
                0x0810146a                osDelay
 *fill*         0x08101492        0x2 
 .text.pvPortMalloc
                0x08101494      0x19c ./Middlewares/Third_Party/FreeRTOS/heap_4.o
                0x08101494                pvPortMalloc
 .text.vPortFree
                0x08101630       0xc8 ./Middlewares/Third_Party/FreeRTOS/heap_4.o
                0x08101630                vPortFree
 .text.prvHeapInit
                0x081016f8       0xc4 ./Middlewares/Third_Party/FreeRTOS/heap_4.o
 .text.prvInsertBlockIntoFreeList
                0x081017bc       0xb4 ./Middlewares/Third_Party/FreeRTOS/heap_4.o
 .text.vListInitialise
                0x08101870       0x40 ./Middlewares/Third_Party/FreeRTOS/list.o
                0x08101870                vListInitialise
 .text.vListInitialiseItem
                0x081018b0       0x1a ./Middlewares/Third_Party/FreeRTOS/list.o
                0x081018b0                vListInitialiseItem
 .text.vListInsertEnd
                0x081018ca       0x48 ./Middlewares/Third_Party/FreeRTOS/list.o
                0x081018ca                vListInsertEnd
 .text.vListInsert
                0x08101912       0x72 ./Middlewares/Third_Party/FreeRTOS/list.o
                0x08101912                vListInsert
 .text.uxListRemove
                0x08101984       0x54 ./Middlewares/Third_Party/FreeRTOS/list.o
                0x08101984                uxListRemove
 .text.pxPortInitialiseStack
                0x081019d8       0x68 ./Middlewares/Third_Party/FreeRTOS/port.o
                0x081019d8                pxPortInitialiseStack
 .text.prvTaskExitError
                0x08101a40       0x5c ./Middlewares/Third_Party/FreeRTOS/port.o
 *fill*         0x08101a9c        0x4 
 .text.SVC_Handler
                0x08101aa0       0x28 ./Middlewares/Third_Party/FreeRTOS/port.o
                0x08101aa0                SVC_Handler
 .text.prvPortStartFirstTask
                0x08101ac8       0x28 ./Middlewares/Third_Party/FreeRTOS/port.o
 .text.xPortStartScheduler
                0x08101af0      0x148 ./Middlewares/Third_Party/FreeRTOS/port.o
                0x08101af0                xPortStartScheduler
 .text.vPortEnterCritical
                0x08101c38       0x64 ./Middlewares/Third_Party/FreeRTOS/port.o
                0x08101c38                vPortEnterCritical
 .text.vPortExitCritical
                0x08101c9c       0x54 ./Middlewares/Third_Party/FreeRTOS/port.o
                0x08101c9c                vPortExitCritical
 .text.PendSV_Handler
                0x08101cf0       0x68 ./Middlewares/Third_Party/FreeRTOS/port.o
                0x08101cf0                PendSV_Handler
 .text.SysTick_Handler
                0x08101d58       0x44 ./Middlewares/Third_Party/FreeRTOS/port.o
                0x08101d58                SysTick_Handler
 .text.vPortSetupTimerInterrupt
                0x08101d9c       0x48 ./Middlewares/Third_Party/FreeRTOS/port.o
                0x08101d9c                vPortSetupTimerInterrupt
 .text.vPortEnableVFP
                0x08101de4       0x14 ./Middlewares/Third_Party/FreeRTOS/port.o
 .text.xTaskCreateStatic
                0x08101df8       0xc0 ./Middlewares/Third_Party/FreeRTOS/tasks.o
                0x08101df8                xTaskCreateStatic
 .text.xTaskCreate
                0x08101eb8       0x8a ./Middlewares/Third_Party/FreeRTOS/tasks.o
                0x08101eb8                xTaskCreate
 *fill*         0x08101f42        0x2 
 .text.prvInitialiseNewTask
                0x08101f44      0x140 ./Middlewares/Third_Party/FreeRTOS/tasks.o
 .text.prvAddNewTaskToReadyList
                0x08102084       0xd4 ./Middlewares/Third_Party/FreeRTOS/tasks.o
 .text.vTaskDelay
                0x08102158       0x6c ./Middlewares/Third_Party/FreeRTOS/tasks.o
                0x08102158                vTaskDelay
 .text.vTaskStartScheduler
                0x081021c4       0xd4 ./Middlewares/Third_Party/FreeRTOS/tasks.o
                0x081021c4                vTaskStartScheduler
 .text.vTaskSuspendAll
                0x08102298       0x1c ./Middlewares/Third_Party/FreeRTOS/tasks.o
                0x08102298                vTaskSuspendAll
 .text.xTaskResumeAll
                0x081022b4      0x13c ./Middlewares/Third_Party/FreeRTOS/tasks.o
                0x081022b4                xTaskResumeAll
 .text.xTaskIncrementTick
                0x081023f0      0x174 ./Middlewares/Third_Party/FreeRTOS/tasks.o
                0x081023f0                xTaskIncrementTick
 .text.vTaskSwitchContext
                0x08102564       0xc8 ./Middlewares/Third_Party/FreeRTOS/tasks.o
                0x08102564                vTaskSwitchContext
 .text.prvIdleTask
                0x0810262c       0x30 ./Middlewares/Third_Party/FreeRTOS/tasks.o
 .text.prvInitialiseTaskLists
                0x0810265c       0x80 ./Middlewares/Third_Party/FreeRTOS/tasks.o
 .text.prvCheckTasksWaitingTermination
                0x081026dc       0x5c ./Middlewares/Third_Party/FreeRTOS/tasks.o
 .text.prvDeleteTCB
                0x08102738       0x6a ./Middlewares/Third_Party/FreeRTOS/tasks.o
 *fill*         0x081027a2        0x2 
 .text.prvResetNextTaskUnblockTime
                0x081027a4       0x40 ./Middlewares/Third_Party/FreeRTOS/tasks.o
 .text.prvAddCurrentTaskToDelayedList
                0x081027e4       0xcc ./Middlewares/Third_Party/FreeRTOS/tasks.o
 .text.memset   0x081028b0       0x10 C:/ST/STM32CubeIDE_1.19.0/STM32CubeIDE/plugins/com.st.stm32cube.ide.mcu.externaltools.gnu-tools-for-stm32.13.3.rel1.win32_1.0.0.202411081344/tools/bin/../lib/gcc/arm-none-eabi/13.3.1/../../../../arm-none-eabi/lib/thumb/v7e-m+fp/hard\libc_nano.a(libc_a-memset.o)
                0x081028b0                memset
 .text._reclaim_reent
                0x081028c0       0xbc C:/ST/STM32CubeIDE_1.19.0/STM32CubeIDE/plugins/com.st.stm32cube.ide.mcu.externaltools.gnu-tools-for-stm32.13.3.rel1.win32_1.0.0.202411081344/tools/bin/../lib/gcc/arm-none-eabi/13.3.1/../../../../arm-none-eabi/lib/thumb/v7e-m+fp/hard\libc_nano.a(libc_a-reent.o)
                0x081028c0                _reclaim_reent
 .text.__libc_init_array
                0x0810297c       0x48 C:/ST/STM32CubeIDE_1.19.0/STM32CubeIDE/plugins/com.st.stm32cube.ide.mcu.externaltools.gnu-tools-for-stm32.13.3.rel1.win32_1.0.0.202411081344/tools/bin/../lib/gcc/arm-none-eabi/13.3.1/../../../../arm-none-eabi/lib/thumb/v7e-m+fp/hard\libc_nano.a(libc_a-init.o)
                0x0810297c                __libc_init_array
 .text.__retarget_lock_acquire_recursive
                0x081029c4        0x2 C:/ST/STM32CubeIDE_1.19.0/STM32CubeIDE/plugins/com.st.stm32cube.ide.mcu.externaltools.gnu-tools-for-stm32.13.3.rel1.win32_1.0.0.202411081344/tools/bin/../lib/gcc/arm-none-eabi/13.3.1/../../../../arm-none-eabi/lib/thumb/v7e-m+fp/hard\libc_nano.a(libc_a-lock.o)
                0x081029c4                __retarget_lock_acquire_recursive
 .text.__retarget_lock_release_recursive
                0x081029c6        0x2 C:/ST/STM32CubeIDE_1.19.0/STM32CubeIDE/plugins/com.st.stm32cube.ide.mcu.externaltools.gnu-tools-for-stm32.13.3.rel1.win32_1.0.0.202411081344/tools/bin/../lib/gcc/arm-none-eabi/13.3.1/../../../../arm-none-eabi/lib/thumb/v7e-m+fp/hard\libc_nano.a(libc_a-lock.o)
                0x081029c6                __retarget_lock_release_recursive
 .text._free_r  0x081029c8       0x94 C:/ST/STM32CubeIDE_1.19.0/STM32CubeIDE/plugins/com.st.stm32cube.ide.mcu.externaltools.gnu-tools-for-stm32.13.3.rel1.win32_1.0.0.202411081344/tools/bin/../lib/gcc/arm-none-eabi/13.3.1/../../../../arm-none-eabi/lib/thumb/v7e-m+fp/hard\libc_nano.a(libc_a-freer.o)
                0x081029c8                _free_r
 .text.__malloc_lock
                0x08102a5c        0xc C:/ST/STM32CubeIDE_1.19.0/STM32CubeIDE/plugins/com.st.stm32cube.ide.mcu.externaltools.gnu-tools-for-stm32.13.3.rel1.win32_1.0.0.202411081344/tools/bin/../lib/gcc/arm-none-eabi/13.3.1/../../../../arm-none-eabi/lib/thumb/v7e-m+fp/hard\libc_nano.a(libc_a-mlock.o)
                0x08102a5c                __malloc_lock
 .text.__malloc_unlock
                0x08102a68        0xc C:/ST/STM32CubeIDE_1.19.0/STM32CubeIDE/plugins/com.st.stm32cube.ide.mcu.externaltools.gnu-tools-for-stm32.13.3.rel1.win32_1.0.0.202411081344/tools/bin/../lib/gcc/arm-none-eabi/13.3.1/../../../../arm-none-eabi/lib/thumb/v7e-m+fp/hard\libc_nano.a(libc_a-mlock.o)
                0x08102a68                __malloc_unlock
 *(.glue_7)
 .glue_7        0x08102a74        0x0 linker stubs
 *(.glue_7t)
 .glue_7t       0x08102a74        0x0 linker stubs
 *(.eh_frame)
 .eh_frame      0x08102a74        0x0 C:/ST/STM32CubeIDE_1.19.0/STM32CubeIDE/plugins/com.st.stm32cube.ide.mcu.externaltools.gnu-tools-for-stm32.13.3.rel1.win32_1.0.0.202411081344/tools/bin/../lib/gcc/arm-none-eabi/13.3.1/thumb/v7e-m+fp/hard/crtbegin.o
 *(.init)
 .init          0x08102a74        0x4 C:/ST/STM32CubeIDE_1.19.0/STM32CubeIDE/plugins/com.st.stm32cube.ide.mcu.externaltools.gnu-tools-for-stm32.13.3.rel1.win32_1.0.0.202411081344/tools/bin/../lib/gcc/arm-none-eabi/13.3.1/thumb/v7e-m+fp/hard/crti.o
                0x08102a74                _init
 .init          0x08102a78        0x8 C:/ST/STM32CubeIDE_1.19.0/STM32CubeIDE/plugins/com.st.stm32cube.ide.mcu.externaltools.gnu-tools-for-stm32.13.3.rel1.win32_1.0.0.202411081344/tools/bin/../lib/gcc/arm-none-eabi/13.3.1/thumb/v7e-m+fp/hard/crtn.o
 *(.fini)
 .fini          0x08102a80        0x4 C:/ST/STM32CubeIDE_1.19.0/STM32CubeIDE/plugins/com.st.stm32cube.ide.mcu.externaltools.gnu-tools-for-stm32.13.3.rel1.win32_1.0.0.202411081344/tools/bin/../lib/gcc/arm-none-eabi/13.3.1/thumb/v7e-m+fp/hard/crti.o
                0x08102a80                _fini
 .fini          0x08102a84        0x8 C:/ST/STM32CubeIDE_1.19.0/STM32CubeIDE/plugins/com.st.stm32cube.ide.mcu.externaltools.gnu-tools-for-stm32.13.3.rel1.win32_1.0.0.202411081344/tools/bin/../lib/gcc/arm-none-eabi/13.3.1/thumb/v7e-m+fp/hard/crtn.o
                0x08102a8c                        . = ALIGN (0x4)
                0x08102a8c                        _etext = .

.vfp11_veneer   0x08102a8c        0x0
 .vfp11_veneer  0x08102a8c        0x0 linker stubs

.v4_bx          0x08102a8c        0x0
 .v4_bx         0x08102a8c        0x0 linker stubs

.iplt           0x08102a8c        0x0
 .iplt          0x08102a8c        0x0 C:/ST/STM32CubeIDE_1.19.0/STM32CubeIDE/plugins/com.st.stm32cube.ide.mcu.externaltools.gnu-tools-for-stm32.13.3.rel1.win32_1.0.0.202411081344/tools/bin/../lib/gcc/arm-none-eabi/13.3.1/thumb/v7e-m+fp/hard/crtbegin.o

.rodata         0x08102a8c       0x40
                0x08102a8c                        . = ALIGN (0x4)
 *(.rodata)
 .rodata        0x08102a8c       0x28 ./Core/Src/main.o
 .rodata        0x08102ab4        0x5 ./Middlewares/Third_Party/FreeRTOS/tasks.o
 *(.rodata*)
 *fill*         0x08102ab9        0x3 
 .rodata.D1CorePrescTable
                0x08102abc       0x10 ./Common/Src/system_stm32h7xx_dualcore_boot_cm4_cm7.o
                0x08102abc                D1CorePrescTable
                0x08102acc                        . = ALIGN (0x4)

.ARM.extab
 *(.ARM.extab* .gnu.linkonce.armextab.*)

.ARM            0x08102acc        0x0
                0x08102acc                        __exidx_start = .
 *(.ARM.exidx*)
                0x08102acc                        __exidx_end = .

.preinit_array  0x08102acc        0x0
                0x08102acc                        PROVIDE (__preinit_array_start = .)
 *(.preinit_array*)
                0x08102acc                        PROVIDE (__preinit_array_end = .)

.init_array     0x08102acc        0x4
                0x08102acc                        PROVIDE (__init_array_start = .)
 *(SORT_BY_NAME(.init_array.*))
 *(.init_array*)
 .init_array    0x08102acc        0x4 C:/ST/STM32CubeIDE_1.19.0/STM32CubeIDE/plugins/com.st.stm32cube.ide.mcu.externaltools.gnu-tools-for-stm32.13.3.rel1.win32_1.0.0.202411081344/tools/bin/../lib/gcc/arm-none-eabi/13.3.1/thumb/v7e-m+fp/hard/crtbegin.o
                0x08102ad0                        PROVIDE (__init_array_end = .)

.fini_array     0x08102ad0        0x4
                [!provide]                        PROVIDE (__fini_array_start = .)
 *(SORT_BY_NAME(.fini_array.*))
 *(.fini_array*)
 .fini_array    0x08102ad0        0x4 C:/ST/STM32CubeIDE_1.19.0/STM32CubeIDE/plugins/com.st.stm32cube.ide.mcu.externaltools.gnu-tools-for-stm32.13.3.rel1.win32_1.0.0.202411081344/tools/bin/../lib/gcc/arm-none-eabi/13.3.1/thumb/v7e-m+fp/hard/crtbegin.o
                [!provide]                        PROVIDE (__fini_array_end = .)
                0x08102ad4                        _sidata = LOADADDR (.data)

.rel.dyn        0x08102ad4        0x0
 .rel.iplt      0x08102ad4        0x0 C:/ST/STM32CubeIDE_1.19.0/STM32CubeIDE/plugins/com.st.stm32cube.ide.mcu.externaltools.gnu-tools-for-stm32.13.3.rel1.win32_1.0.0.202411081344/tools/bin/../lib/gcc/arm-none-eabi/13.3.1/thumb/v7e-m+fp/hard/crtbegin.o

.data           0x10000000       0x64 load address 0x08102ad4
                0x10000000                        . = ALIGN (0x4)
                0x10000000                        _sdata = .
 *(.data)
 *(.data*)
 .data.SystemCoreClock
                0x10000000        0x4 ./Common/Src/system_stm32h7xx_dualcore_boot_cm4_cm7.o
                0x10000000                SystemCoreClock
 .data.SystemD2Clock
                0x10000004        0x4 ./Common/Src/system_stm32h7xx_dualcore_boot_cm4_cm7.o
                0x10000004                SystemD2Clock
 .data.uwTickPrio
                0x10000008        0x4 ./Drivers/STM32H7xx_HAL_Driver/stm32h7xx_hal.o
                0x10000008                uwTickPrio
 .data.uwTickFreq
                0x1000000c        0x1 ./Drivers/STM32H7xx_HAL_Driver/stm32h7xx_hal.o
                0x1000000c                uwTickFreq
 *fill*         0x1000000d        0x3 
 .data.uxCriticalNesting
                0x10000010        0x4 ./Middlewares/Third_Party/FreeRTOS/port.o
 .data._impure_ptr
                0x10000014        0x4 C:/ST/STM32CubeIDE_1.19.0/STM32CubeIDE/plugins/com.st.stm32cube.ide.mcu.externaltools.gnu-tools-for-stm32.13.3.rel1.win32_1.0.0.202411081344/tools/bin/../lib/gcc/arm-none-eabi/13.3.1/../../../../arm-none-eabi/lib/thumb/v7e-m+fp/hard\libc_nano.a(libc_a-impure.o)
                0x10000014                _impure_ptr
 .data._impure_data
                0x10000018       0x4c C:/ST/STM32CubeIDE_1.19.0/STM32CubeIDE/plugins/com.st.stm32cube.ide.mcu.externaltools.gnu-tools-for-stm32.13.3.rel1.win32_1.0.0.202411081344/tools/bin/../lib/gcc/arm-none-eabi/13.3.1/../../../../arm-none-eabi/lib/thumb/v7e-m+fp/hard\libc_nano.a(libc_a-impure.o)
                0x10000018                _impure_data
 *(.RamFunc)
 *(.RamFunc*)
                0x10000064                        . = ALIGN (0x4)
                0x10000064                        _edata = .

.igot.plt       0x10000064        0x0 load address 0x08102b38
 .igot.plt      0x10000064        0x0 C:/ST/STM32CubeIDE_1.19.0/STM32CubeIDE/plugins/com.st.stm32cube.ide.mcu.externaltools.gnu-tools-for-stm32.13.3.rel1.win32_1.0.0.202411081344/tools/bin/../lib/gcc/arm-none-eabi/13.3.1/thumb/v7e-m+fp/hard/crtbegin.o
                0x10000064                        . = ALIGN (0x4)

.bss            0x10000064     0x41a4 load address 0x08102b38
                0x10000064                        _sbss = .
                0x10000064                        __bss_start__ = _sbss
 *(.bss)
 .bss           0x10000064       0x1c C:/ST/STM32CubeIDE_1.19.0/STM32CubeIDE/plugins/com.st.stm32cube.ide.mcu.externaltools.gnu-tools-for-stm32.13.3.rel1.win32_1.0.0.202411081344/tools/bin/../lib/gcc/arm-none-eabi/13.3.1/thumb/v7e-m+fp/hard/crtbegin.o
 *(.bss*)
 .bss.xIdleTaskTCBBuffer
                0x10000080       0xa0 ./Core/Src/freertos.o
 .bss.xIdleStack
                0x10000120      0x200 ./Core/Src/freertos.o
 .bss.defaultTaskHandle
                0x10000320        0x4 ./Core/Src/main.o
                0x10000320                defaultTaskHandle
 .bss.htim2     0x10000324       0x4c ./Core/Src/stm32h7xx_hal_timebase_tim.o
                0x10000324                htim2
 .bss.uwTick    0x10000370        0x4 ./Drivers/STM32H7xx_HAL_Driver/stm32h7xx_hal.o
                0x10000370                uwTick
 .bss.ucHeap    0x10000374     0x3c00 ./Middlewares/Third_Party/FreeRTOS/heap_4.o
 .bss.xStart    0x10003f74        0x8 ./Middlewares/Third_Party/FreeRTOS/heap_4.o
 .bss.pxEnd     0x10003f7c        0x4 ./Middlewares/Third_Party/FreeRTOS/heap_4.o
 .bss.xFreeBytesRemaining
                0x10003f80        0x4 ./Middlewares/Third_Party/FreeRTOS/heap_4.o
 .bss.xMinimumEverFreeBytesRemaining
                0x10003f84        0x4 ./Middlewares/Third_Party/FreeRTOS/heap_4.o
 .bss.xNumberOfSuccessfulAllocations
                0x10003f88        0x4 ./Middlewares/Third_Party/FreeRTOS/heap_4.o
 .bss.xNumberOfSuccessfulFrees
                0x10003f8c        0x4 ./Middlewares/Third_Party/FreeRTOS/heap_4.o
 .bss.xBlockAllocatedBit
                0x10003f90        0x4 ./Middlewares/Third_Party/FreeRTOS/heap_4.o
 .bss.ucMaxSysCallPriority
                0x10003f94        0x1 ./Middlewares/Third_Party/FreeRTOS/port.o
 *fill*         0x10003f95        0x3 
 .bss.ulMaxPRIGROUPValue
                0x10003f98        0x4 ./Middlewares/Third_Party/FreeRTOS/port.o
 .bss.pxCurrentTCB
                0x10003f9c        0x4 ./Middlewares/Third_Party/FreeRTOS/tasks.o
                0x10003f9c                pxCurrentTCB
 .bss.pxReadyTasksLists
                0x10003fa0       0x8c ./Middlewares/Third_Party/FreeRTOS/tasks.o
 .bss.xDelayedTaskList1
                0x1000402c       0x14 ./Middlewares/Third_Party/FreeRTOS/tasks.o
 .bss.xDelayedTaskList2
                0x10004040       0x14 ./Middlewares/Third_Party/FreeRTOS/tasks.o
 .bss.pxDelayedTaskList
                0x10004054        0x4 ./Middlewares/Third_Party/FreeRTOS/tasks.o
 .bss.pxOverflowDelayedTaskList
                0x10004058        0x4 ./Middlewares/Third_Party/FreeRTOS/tasks.o
 .bss.xPendingReadyList
                0x1000405c       0x14 ./Middlewares/Third_Party/FreeRTOS/tasks.o
 .bss.xTasksWaitingTermination
                0x10004070       0x14 ./Middlewares/Third_Party/FreeRTOS/tasks.o
 .bss.uxDeletedTasksWaitingCleanUp
                0x10004084        0x4 ./Middlewares/Third_Party/FreeRTOS/tasks.o
 .bss.xSuspendedTaskList
                0x10004088       0x14 ./Middlewares/Third_Party/FreeRTOS/tasks.o
 .bss.uxCurrentNumberOfTasks
                0x1000409c        0x4 ./Middlewares/Third_Party/FreeRTOS/tasks.o
 .bss.xTickCount
                0x100040a0        0x4 ./Middlewares/Third_Party/FreeRTOS/tasks.o
 .bss.uxTopReadyPriority
                0x100040a4        0x4 ./Middlewares/Third_Party/FreeRTOS/tasks.o
 .bss.xSchedulerRunning
                0x100040a8        0x4 ./Middlewares/Third_Party/FreeRTOS/tasks.o
 .bss.xPendedTicks
                0x100040ac        0x4 ./Middlewares/Third_Party/FreeRTOS/tasks.o
 .bss.xYieldPending
                0x100040b0        0x4 ./Middlewares/Third_Party/FreeRTOS/tasks.o
 .bss.xNumOfOverflows
                0x100040b4        0x4 ./Middlewares/Third_Party/FreeRTOS/tasks.o
 .bss.uxTaskNumber
                0x100040b8        0x4 ./Middlewares/Third_Party/FreeRTOS/tasks.o
 .bss.xNextTaskUnblockTime
                0x100040bc        0x4 ./Middlewares/Third_Party/FreeRTOS/tasks.o
 .bss.xIdleTaskHandle
                0x100040c0        0x4 ./Middlewares/Third_Party/FreeRTOS/tasks.o
 .bss.uxSchedulerSuspended
                0x100040c4        0x4 ./Middlewares/Third_Party/FreeRTOS/tasks.o
 .bss.__sf      0x100040c8      0x138 C:/ST/STM32CubeIDE_1.19.0/STM32CubeIDE/plugins/com.st.stm32cube.ide.mcu.externaltools.gnu-tools-for-stm32.13.3.rel1.win32_1.0.0.202411081344/tools/bin/../lib/gcc/arm-none-eabi/13.3.1/../../../../arm-none-eabi/lib/thumb/v7e-m+fp/hard\libc_nano.a(libc_a-findfp.o)
                0x100040c8                __sf
 .bss.__lock___malloc_recursive_mutex
                0x10004200        0x1 C:/ST/STM32CubeIDE_1.19.0/STM32CubeIDE/plugins/com.st.stm32cube.ide.mcu.externaltools.gnu-tools-for-stm32.13.3.rel1.win32_1.0.0.202411081344/tools/bin/../lib/gcc/arm-none-eabi/13.3.1/../../../../arm-none-eabi/lib/thumb/v7e-m+fp/hard\libc_nano.a(libc_a-lock.o)
                0x10004200                __lock___malloc_recursive_mutex
 *fill*         0x10004201        0x3 
 .bss.__malloc_free_list
                0x10004204        0x4 C:/ST/STM32CubeIDE_1.19.0/STM32CubeIDE/plugins/com.st.stm32cube.ide.mcu.externaltools.gnu-tools-for-stm32.13.3.rel1.win32_1.0.0.202411081344/tools/bin/../lib/gcc/arm-none-eabi/13.3.1/../../../../arm-none-eabi/lib/thumb/v7e-m+fp/hard\libc_nano.a(libc_a-mallocr.o)
                0x10004204                __malloc_free_list
 *(COMMON)
                0x10004208                        . = ALIGN (0x4)
                0x10004208                        _ebss = .
                0x10004208                        __bss_end__ = _ebss

._user_heap_stack
                0x10004208      0x600 load address 0x08102b38
                0x10004208                        . = ALIGN (0x8)
                [!provide]                        PROVIDE (end = .)
                0x10004208                        PROVIDE (_end = .)
                0x10004408                        . = (. + _Min_Heap_Size)
 *fill*         0x10004208      0x200 
                0x10004808                        . = (. + _Min_Stack_Size)
 *fill*         0x10004408      0x400 
                0x10004808                        . = ALIGN (0x8)

/DISCARD/
 libc.a(*)
 libm.a(*)
 libgcc.a(*)

.ARM.attributes
                0x00000000       0x30
 *(.ARM.attributes)
 .ARM.attributes
                0x00000000       0x22 C:/ST/STM32CubeIDE_1.19.0/STM32CubeIDE/plugins/com.st.stm32cube.ide.mcu.externaltools.gnu-tools-for-stm32.13.3.rel1.win32_1.0.0.202411081344/tools/bin/../lib/gcc/arm-none-eabi/13.3.1/thumb/v7e-m+fp/hard/crti.o
 .ARM.attributes
                0x00000022       0x34 C:/ST/STM32CubeIDE_1.19.0/STM32CubeIDE/plugins/com.st.stm32cube.ide.mcu.externaltools.gnu-tools-for-stm32.13.3.rel1.win32_1.0.0.202411081344/tools/bin/../lib/gcc/arm-none-eabi/13.3.1/thumb/v7e-m+fp/hard/crtbegin.o
 .ARM.attributes
                0x00000056       0x34 ./Common/Src/system_stm32h7xx_dualcore_boot_cm4_cm7.o
 .ARM.attributes
                0x0000008a       0x34 ./Core/Src/freertos.o
 .ARM.attributes
                0x000000be       0x34 ./Core/Src/main.o
 .ARM.attributes
                0x000000f2       0x34 ./Core/Src/stm32h7xx_hal_msp.o
 .ARM.attributes
                0x00000126       0x34 ./Core/Src/stm32h7xx_hal_timebase_tim.o
 .ARM.attributes
                0x0000015a       0x34 ./Core/Src/stm32h7xx_it.o
 .ARM.attributes
                0x0000018e       0x21 ./Core/Startup/startup_stm32h755zitx.o
 .ARM.attributes
                0x000001af       0x34 ./Drivers/STM32H7xx_HAL_Driver/stm32h7xx_hal.o
 .ARM.attributes
                0x000001e3       0x34 ./Drivers/STM32H7xx_HAL_Driver/stm32h7xx_hal_cortex.o
 .ARM.attributes
                0x00000217       0x34 ./Drivers/STM32H7xx_HAL_Driver/stm32h7xx_hal_hsem.o
 .ARM.attributes
                0x0000024b       0x34 ./Drivers/STM32H7xx_HAL_Driver/stm32h7xx_hal_pwr_ex.o
 .ARM.attributes
                0x0000027f       0x34 ./Drivers/STM32H7xx_HAL_Driver/stm32h7xx_hal_rcc.o
 .ARM.attributes
                0x000002b3       0x34 ./Drivers/STM32H7xx_HAL_Driver/stm32h7xx_hal_tim.o
 .ARM.attributes
                0x000002e7       0x34 ./Drivers/STM32H7xx_HAL_Driver/stm32h7xx_hal_tim_ex.o
 .ARM.attributes
                0x0000031b       0x34 ./Middlewares/Third_Party/FreeRTOS/cmsis_os.o
 .ARM.attributes
                0x0000034f       0x34 ./Middlewares/Third_Party/FreeRTOS/heap_4.o
 .ARM.attributes
                0x00000383       0x34 ./Middlewares/Third_Party/FreeRTOS/list.o
 .ARM.attributes
                0x000003b7       0x34 ./Middlewares/Third_Party/FreeRTOS/port.o
 .ARM.attributes
                0x000003eb       0x34 ./Middlewares/Third_Party/FreeRTOS/tasks.o
 .ARM.attributes
                0x0000041f       0x34 C:/ST/STM32CubeIDE_1.19.0/STM32CubeIDE/plugins/com.st.stm32cube.ide.mcu.externaltools.gnu-tools-for-stm32.13.3.rel1.win32_1.0.0.202411081344/tools/bin/../lib/gcc/arm-none-eabi/13.3.1/../../../../arm-none-eabi/lib/thumb/v7e-m+fp/hard\libc_nano.a(libc_a-findfp.o)
 .ARM.attributes
                0x00000453       0x34 C:/ST/STM32CubeIDE_1.19.0/STM32CubeIDE/plugins/com.st.stm32cube.ide.mcu.externaltools.gnu-tools-for-stm32.13.3.rel1.win32_1.0.0.202411081344/tools/bin/../lib/gcc/arm-none-eabi/13.3.1/../../../../arm-none-eabi/lib/thumb/v7e-m+fp/hard\libc_nano.a(libc_a-memset.o)
 .ARM.attributes
                0x00000487       0x34 C:/ST/STM32CubeIDE_1.19.0/STM32CubeIDE/plugins/com.st.stm32cube.ide.mcu.externaltools.gnu-tools-for-stm32.13.3.rel1.win32_1.0.0.202411081344/tools/bin/../lib/gcc/arm-none-eabi/13.3.1/../../../../arm-none-eabi/lib/thumb/v7e-m+fp/hard\libc_nano.a(libc_a-reent.o)
 .ARM.attributes
                0x000004bb       0x34 C:/ST/STM32CubeIDE_1.19.0/STM32CubeIDE/plugins/com.st.stm32cube.ide.mcu.externaltools.gnu-tools-for-stm32.13.3.rel1.win32_1.0.0.202411081344/tools/bin/../lib/gcc/arm-none-eabi/13.3.1/../../../../arm-none-eabi/lib/thumb/v7e-m+fp/hard\libc_nano.a(libc_a-impure.o)
 .ARM.attributes
                0x000004ef       0x34 C:/ST/STM32CubeIDE_1.19.0/STM32CubeIDE/plugins/com.st.stm32cube.ide.mcu.externaltools.gnu-tools-for-stm32.13.3.rel1.win32_1.0.0.202411081344/tools/bin/../lib/gcc/arm-none-eabi/13.3.1/../../../../arm-none-eabi/lib/thumb/v7e-m+fp/hard\libc_nano.a(libc_a-init.o)
 .ARM.attributes
                0x00000523       0x34 C:/ST/STM32CubeIDE_1.19.0/STM32CubeIDE/plugins/com.st.stm32cube.ide.mcu.externaltools.gnu-tools-for-stm32.13.3.rel1.win32_1.0.0.202411081344/tools/bin/../lib/gcc/arm-none-eabi/13.3.1/../../../../arm-none-eabi/lib/thumb/v7e-m+fp/hard\libc_nano.a(libc_a-lock.o)
 .ARM.attributes
                0x00000557       0x34 C:/ST/STM32CubeIDE_1.19.0/STM32CubeIDE/plugins/com.st.stm32cube.ide.mcu.externaltools.gnu-tools-for-stm32.13.3.rel1.win32_1.0.0.202411081344/tools/bin/../lib/gcc/arm-none-eabi/13.3.1/../../../../arm-none-eabi/lib/thumb/v7e-m+fp/hard\libc_nano.a(libc_a-freer.o)
 .ARM.attributes
                0x0000058b       0x34 C:/ST/STM32CubeIDE_1.19.0/STM32CubeIDE/plugins/com.st.stm32cube.ide.mcu.externaltools.gnu-tools-for-stm32.13.3.rel1.win32_1.0.0.202411081344/tools/bin/../lib/gcc/arm-none-eabi/13.3.1/../../../../arm-none-eabi/lib/thumb/v7e-m+fp/hard\libc_nano.a(libc_a-mallocr.o)
 .ARM.attributes
                0x000005bf       0x34 C:/ST/STM32CubeIDE_1.19.0/STM32CubeIDE/plugins/com.st.stm32cube.ide.mcu.externaltools.gnu-tools-for-stm32.13.3.rel1.win32_1.0.0.202411081344/tools/bin/../lib/gcc/arm-none-eabi/13.3.1/../../../../arm-none-eabi/lib/thumb/v7e-m+fp/hard\libc_nano.a(libc_a-mlock.o)
 .ARM.attributes
                0x000005f3       0x22 C:/ST/STM32CubeIDE_1.19.0/STM32CubeIDE/plugins/com.st.stm32cube.ide.mcu.externaltools.gnu-tools-for-stm32.13.3.rel1.win32_1.0.0.202411081344/tools/bin/../lib/gcc/arm-none-eabi/13.3.1/thumb/v7e-m+fp/hard/crtn.o
OUTPUT(Custom_VCU_CM4.elf elf32-littlearm)
LOAD linker stubs
LOAD C:/ST/STM32CubeIDE_1.19.0/STM32CubeIDE/plugins/com.st.stm32cube.ide.mcu.externaltools.gnu-tools-for-stm32.13.3.rel1.win32_1.0.0.202411081344/tools/bin/../lib/gcc/arm-none-eabi/13.3.1/../../../../arm-none-eabi/lib/thumb/v7e-m+fp/hard\libc.a
LOAD C:/ST/STM32CubeIDE_1.19.0/STM32CubeIDE/plugins/com.st.stm32cube.ide.mcu.externaltools.gnu-tools-for-stm32.13.3.rel1.win32_1.0.0.202411081344/tools/bin/../lib/gcc/arm-none-eabi/13.3.1/../../../../arm-none-eabi/lib/thumb/v7e-m+fp/hard\libm.a
LOAD C:/ST/STM32CubeIDE_1.19.0/STM32CubeIDE/plugins/com.st.stm32cube.ide.mcu.externaltools.gnu-tools-for-stm32.13.3.rel1.win32_1.0.0.202411081344/tools/bin/../lib/gcc/arm-none-eabi/13.3.1/thumb/v7e-m+fp/hard\libgcc.a

.debug_info     0x00000000    0x12a0d
 .debug_info    0x00000000      0x823 ./Common/Src/system_stm32h7xx_dualcore_boot_cm4_cm7.o
 .debug_info    0x00000823      0x927 ./Core/Src/freertos.o
 .debug_info    0x0000114a     0x18db ./Core/Src/main.o
 .debug_info    0x00002a25      0x838 ./Core/Src/stm32h7xx_hal_msp.o
 .debug_info    0x0000325d     0x10cd ./Core/Src/stm32h7xx_hal_timebase_tim.o
 .debug_info    0x0000432a      0x7e6 ./Core/Src/stm32h7xx_it.o
 .debug_info    0x00004b10       0x30 ./Core/Startup/startup_stm32h755zitx.o
 .debug_info    0x00004b40     0x17b6 ./Drivers/STM32H7xx_HAL_Driver/stm32h7xx_hal.o
 .debug_info    0x000062f6      0xf32 ./Drivers/STM32H7xx_HAL_Driver/stm32h7xx_hal_cortex.o
 .debug_info    0x00007228      0x3d3 ./Drivers/STM32H7xx_HAL_Driver/stm32h7xx_hal_hsem.o
 .debug_info    0x000075fb     0x1030 ./Drivers/STM32H7xx_HAL_Driver/stm32h7xx_hal_pwr_ex.o
 .debug_info    0x0000862b      0xe67 ./Drivers/STM32H7xx_HAL_Driver/stm32h7xx_hal_rcc.o
 .debug_info    0x00009492     0x2bae ./Drivers/STM32H7xx_HAL_Driver/stm32h7xx_hal_tim.o
 .debug_info    0x0000c040     0x17eb ./Drivers/STM32H7xx_HAL_Driver/stm32h7xx_hal_tim_ex.o
 .debug_info    0x0000d82b     0x21e2 ./Middlewares/Third_Party/FreeRTOS/cmsis_os.o
 .debug_info    0x0000fa0d      0x4d5 ./Middlewares/Third_Party/FreeRTOS/heap_4.o
 .debug_info    0x0000fee2      0x2af ./Middlewares/Third_Party/FreeRTOS/list.o
 .debug_info    0x00010191      0x4de ./Middlewares/Third_Party/FreeRTOS/port.o
 .debug_info    0x0001066f     0x239e ./Middlewares/Third_Party/FreeRTOS/tasks.o

.debug_abbrev   0x00000000     0x2a16
 .debug_abbrev  0x00000000      0x152 ./Common/Src/system_stm32h7xx_dualcore_boot_cm4_cm7.o
 .debug_abbrev  0x00000152      0x16f ./Core/Src/freertos.o
 .debug_abbrev  0x000002c1      0x2e6 ./Core/Src/main.o
 .debug_abbrev  0x000005a7      0x11c ./Core/Src/stm32h7xx_hal_msp.o
 .debug_abbrev  0x000006c3      0x212 ./Core/Src/stm32h7xx_hal_timebase_tim.o
 .debug_abbrev  0x000008d5      0x17b ./Core/Src/stm32h7xx_it.o
 .debug_abbrev  0x00000a50       0x24 ./Core/Startup/startup_stm32h755zitx.o
 .debug_abbrev  0x00000a74      0x29f ./Drivers/STM32H7xx_HAL_Driver/stm32h7xx_hal.o
 .debug_abbrev  0x00000d13      0x337 ./Drivers/STM32H7xx_HAL_Driver/stm32h7xx_hal_cortex.o
 .debug_abbrev  0x0000104a      0x1d3 ./Drivers/STM32H7xx_HAL_Driver/stm32h7xx_hal_hsem.o
 .debug_abbrev  0x0000121d      0x2d6 ./Drivers/STM32H7xx_HAL_Driver/stm32h7xx_hal_pwr_ex.o
 .debug_abbrev  0x000014f3      0x2c8 ./Drivers/STM32H7xx_HAL_Driver/stm32h7xx_hal_rcc.o
 .debug_abbrev  0x000017bb      0x276 ./Drivers/STM32H7xx_HAL_Driver/stm32h7xx_hal_tim.o
 .debug_abbrev  0x00001a31      0x281 ./Drivers/STM32H7xx_HAL_Driver/stm32h7xx_hal_tim_ex.o
 .debug_abbrev  0x00001cb2      0x426 ./Middlewares/Third_Party/FreeRTOS/cmsis_os.o
 .debug_abbrev  0x000020d8      0x21d ./Middlewares/Third_Party/FreeRTOS/heap_4.o
 .debug_abbrev  0x000022f5       0xf5 ./Middlewares/Third_Party/FreeRTOS/list.o
 .debug_abbrev  0x000023ea      0x25c ./Middlewares/Third_Party/FreeRTOS/port.o
 .debug_abbrev  0x00002646      0x3d0 ./Middlewares/Third_Party/FreeRTOS/tasks.o

.debug_aranges  0x00000000     0x10f8
 .debug_aranges
                0x00000000       0x30 ./Common/Src/system_stm32h7xx_dualcore_boot_cm4_cm7.o
 .debug_aranges
                0x00000030       0x20 ./Core/Src/freertos.o
 .debug_aranges
                0x00000050       0x38 ./Core/Src/main.o
 .debug_aranges
                0x00000088       0x20 ./Core/Src/stm32h7xx_hal_msp.o
 .debug_aranges
                0x000000a8       0x30 ./Core/Src/stm32h7xx_hal_timebase_tim.o
 .debug_aranges
                0x000000d8       0x50 ./Core/Src/stm32h7xx_it.o
 .debug_aranges
                0x00000128       0x28 ./Core/Startup/startup_stm32h755zitx.o
 .debug_aranges
                0x00000150      0x200 ./Drivers/STM32H7xx_HAL_Driver/stm32h7xx_hal.o
 .debug_aranges
                0x00000350      0x130 ./Drivers/STM32H7xx_HAL_Driver/stm32h7xx_hal_cortex.o
 .debug_aranges
                0x00000480       0x70 ./Drivers/STM32H7xx_HAL_Driver/stm32h7xx_hal_hsem.o
 .debug_aranges
                0x000004f0      0x170 ./Drivers/STM32H7xx_HAL_Driver/stm32h7xx_hal_pwr_ex.o
 .debug_aranges
                0x00000660       0x88 ./Drivers/STM32H7xx_HAL_Driver/stm32h7xx_hal_rcc.o
 .debug_aranges
                0x000006e8      0x3e0 ./Drivers/STM32H7xx_HAL_Driver/stm32h7xx_hal_tim.o
 .debug_aranges
                0x00000ac8      0x188 ./Drivers/STM32H7xx_HAL_Driver/stm32h7xx_hal_tim_ex.o
 .debug_aranges
                0x00000c50      0x1d8 ./Middlewares/Third_Party/FreeRTOS/cmsis_os.o
 .debug_aranges
                0x00000e28       0x58 ./Middlewares/Third_Party/FreeRTOS/heap_4.o
 .debug_aranges
                0x00000e80       0x40 ./Middlewares/Third_Party/FreeRTOS/list.o
 .debug_aranges
                0x00000ec0       0x80 ./Middlewares/Third_Party/FreeRTOS/port.o
 .debug_aranges
                0x00000f40      0x1b8 ./Middlewares/Third_Party/FreeRTOS/tasks.o

.debug_rnglists
                0x00000000      0xd05
 .debug_rnglists
                0x00000000       0x20 ./Common/Src/system_stm32h7xx_dualcore_boot_cm4_cm7.o
 .debug_rnglists
                0x00000020       0x13 ./Core/Src/freertos.o
 .debug_rnglists
                0x00000033       0x26 ./Core/Src/main.o
 .debug_rnglists
                0x00000059       0x13 ./Core/Src/stm32h7xx_hal_msp.o
 .debug_rnglists
                0x0000006c       0x20 ./Core/Src/stm32h7xx_hal_timebase_tim.o
 .debug_rnglists
                0x0000008c       0x37 ./Core/Src/stm32h7xx_it.o
 .debug_rnglists
                0x000000c3       0x19 ./Core/Startup/startup_stm32h755zitx.o
 .debug_rnglists
                0x000000dc      0x181 ./Drivers/STM32H7xx_HAL_Driver/stm32h7xx_hal.o
 .debug_rnglists
                0x0000025d       0xe0 ./Drivers/STM32H7xx_HAL_Driver/stm32h7xx_hal_cortex.o
 .debug_rnglists
                0x0000033d       0x4f ./Drivers/STM32H7xx_HAL_Driver/stm32h7xx_hal_hsem.o
 .debug_rnglists
                0x0000038c      0x117 ./Drivers/STM32H7xx_HAL_Driver/stm32h7xx_hal_pwr_ex.o
 .debug_rnglists
                0x000004a3       0x68 ./Drivers/STM32H7xx_HAL_Driver/stm32h7xx_hal_rcc.o
 .debug_rnglists
                0x0000050b      0x328 ./Drivers/STM32H7xx_HAL_Driver/stm32h7xx_hal_tim.o
 .debug_rnglists
                0x00000833      0x13f ./Drivers/STM32H7xx_HAL_Driver/stm32h7xx_hal_tim_ex.o
 .debug_rnglists
                0x00000972      0x16a ./Middlewares/Third_Party/FreeRTOS/cmsis_os.o
 .debug_rnglists
                0x00000adc       0x42 ./Middlewares/Third_Party/FreeRTOS/heap_4.o
 .debug_rnglists
                0x00000b1e       0x2b ./Middlewares/Third_Party/FreeRTOS/list.o
 .debug_rnglists
                0x00000b49       0x5d ./Middlewares/Third_Party/FreeRTOS/port.o
 .debug_rnglists
                0x00000ba6      0x15f ./Middlewares/Third_Party/FreeRTOS/tasks.o

.debug_macro    0x00000000    0x3bb20
 .debug_macro   0x00000000      0x2aa ./Common/Src/system_stm32h7xx_dualcore_boot_cm4_cm7.o
 .debug_macro   0x000002aa      0xaea ./Common/Src/system_stm32h7xx_dualcore_boot_cm4_cm7.o
 .debug_macro   0x00000d94       0x2e ./Common/Src/system_stm32h7xx_dualcore_boot_cm4_cm7.o
 .debug_macro   0x00000dc2       0x3b ./Common/Src/system_stm32h7xx_dualcore_boot_cm4_cm7.o
 .debug_macro   0x00000dfd       0x22 ./Common/Src/system_stm32h7xx_dualcore_boot_cm4_cm7.o
 .debug_macro   0x00000e1f       0x8e ./Common/Src/system_stm32h7xx_dualcore_boot_cm4_cm7.o
 .debug_macro   0x00000ead       0x51 ./Common/Src/system_stm32h7xx_dualcore_boot_cm4_cm7.o
 .debug_macro   0x00000efe      0x103 ./Common/Src/system_stm32h7xx_dualcore_boot_cm4_cm7.o
 .debug_macro   0x00001001       0x6a ./Common/Src/system_stm32h7xx_dualcore_boot_cm4_cm7.o
 .debug_macro   0x0000106b      0x1df ./Common/Src/system_stm32h7xx_dualcore_boot_cm4_cm7.o
 .debug_macro   0x0000124a       0x1c ./Common/Src/system_stm32h7xx_dualcore_boot_cm4_cm7.o
 .debug_macro   0x00001266       0x22 ./Common/Src/system_stm32h7xx_dualcore_boot_cm4_cm7.o
 .debug_macro   0x00001288       0xfb ./Common/Src/system_stm32h7xx_dualcore_boot_cm4_cm7.o
 .debug_macro   0x00001383     0x1011 ./Common/Src/system_stm32h7xx_dualcore_boot_cm4_cm7.o
 .debug_macro   0x00002394      0x11f ./Common/Src/system_stm32h7xx_dualcore_boot_cm4_cm7.o
 .debug_macro   0x000024b3    0x27697 ./Common/Src/system_stm32h7xx_dualcore_boot_cm4_cm7.o
 .debug_macro   0x00029b4a       0x6d ./Common/Src/system_stm32h7xx_dualcore_boot_cm4_cm7.o
 .debug_macro   0x00029bb7      0x238 ./Common/Src/system_stm32h7xx_dualcore_boot_cm4_cm7.o
 .debug_macro   0x00029def     0x3d79 ./Common/Src/system_stm32h7xx_dualcore_boot_cm4_cm7.o
 .debug_macro   0x0002db68      0x190 ./Common/Src/system_stm32h7xx_dualcore_boot_cm4_cm7.o
 .debug_macro   0x0002dcf8       0x61 ./Common/Src/system_stm32h7xx_dualcore_boot_cm4_cm7.o
 .debug_macro   0x0002dd59       0x2a ./Common/Src/system_stm32h7xx_dualcore_boot_cm4_cm7.o
 .debug_macro   0x0002dd83       0x43 ./Common/Src/system_stm32h7xx_dualcore_boot_cm4_cm7.o
 .debug_macro   0x0002ddc6       0x34 ./Common/Src/system_stm32h7xx_dualcore_boot_cm4_cm7.o
 .debug_macro   0x0002ddfa      0x370 ./Common/Src/system_stm32h7xx_dualcore_boot_cm4_cm7.o
 .debug_macro   0x0002e16a       0x16 ./Common/Src/system_stm32h7xx_dualcore_boot_cm4_cm7.o
 .debug_macro   0x0002e180       0x4a ./Common/Src/system_stm32h7xx_dualcore_boot_cm4_cm7.o
 .debug_macro   0x0002e1ca       0x34 ./Common/Src/system_stm32h7xx_dualcore_boot_cm4_cm7.o
 .debug_macro   0x0002e1fe       0x10 ./Common/Src/system_stm32h7xx_dualcore_boot_cm4_cm7.o
 .debug_macro   0x0002e20e       0x58 ./Common/Src/system_stm32h7xx_dualcore_boot_cm4_cm7.o
 .debug_macro   0x0002e266       0x8e ./Common/Src/system_stm32h7xx_dualcore_boot_cm4_cm7.o
 .debug_macro   0x0002e2f4       0x1c ./Common/Src/system_stm32h7xx_dualcore_boot_cm4_cm7.o
 .debug_macro   0x0002e310      0x185 ./Common/Src/system_stm32h7xx_dualcore_boot_cm4_cm7.o
 .debug_macro   0x0002e495      0x19b ./Common/Src/system_stm32h7xx_dualcore_boot_cm4_cm7.o
 .debug_macro   0x0002e630       0x5d ./Common/Src/system_stm32h7xx_dualcore_boot_cm4_cm7.o
 .debug_macro   0x0002e68d     0x3b99 ./Common/Src/system_stm32h7xx_dualcore_boot_cm4_cm7.o
 .debug_macro   0x00032226     0x1072 ./Common/Src/system_stm32h7xx_dualcore_boot_cm4_cm7.o
 .debug_macro   0x00033298      0x154 ./Common/Src/system_stm32h7xx_dualcore_boot_cm4_cm7.o
 .debug_macro   0x000333ec      0x130 ./Common/Src/system_stm32h7xx_dualcore_boot_cm4_cm7.o
 .debug_macro   0x0003351c      0x3c2 ./Common/Src/system_stm32h7xx_dualcore_boot_cm4_cm7.o
 .debug_macro   0x000338de       0xac ./Common/Src/system_stm32h7xx_dualcore_boot_cm4_cm7.o
 .debug_macro   0x0003398a      0x72d ./Common/Src/system_stm32h7xx_dualcore_boot_cm4_cm7.o
 .debug_macro   0x000340b7      0x228 ./Common/Src/system_stm32h7xx_dualcore_boot_cm4_cm7.o
 .debug_macro   0x000342df       0x66 ./Common/Src/system_stm32h7xx_dualcore_boot_cm4_cm7.o
 .debug_macro   0x00034345      0x3bb ./Common/Src/system_stm32h7xx_dualcore_boot_cm4_cm7.o
 .debug_macro   0x00034700      0x407 ./Common/Src/system_stm32h7xx_dualcore_boot_cm4_cm7.o
 .debug_macro   0x00034b07      0x244 ./Common/Src/system_stm32h7xx_dualcore_boot_cm4_cm7.o
 .debug_macro   0x00034d4b      0x3ca ./Common/Src/system_stm32h7xx_dualcore_boot_cm4_cm7.o
 .debug_macro   0x00035115      0x4a2 ./Common/Src/system_stm32h7xx_dualcore_boot_cm4_cm7.o
 .debug_macro   0x000355b7       0x51 ./Common/Src/system_stm32h7xx_dualcore_boot_cm4_cm7.o
 .debug_macro   0x00035608       0x4a ./Common/Src/system_stm32h7xx_dualcore_boot_cm4_cm7.o
 .debug_macro   0x00035652      0x22c ./Common/Src/system_stm32h7xx_dualcore_boot_cm4_cm7.o
 .debug_macro   0x0003587e       0x67 ./Common/Src/system_stm32h7xx_dualcore_boot_cm4_cm7.o
 .debug_macro   0x000358e5       0xa5 ./Common/Src/system_stm32h7xx_dualcore_boot_cm4_cm7.o
 .debug_macro   0x0003598a      0x218 ./Common/Src/system_stm32h7xx_dualcore_boot_cm4_cm7.o
 .debug_macro   0x00035ba2      0x2ea ./Common/Src/system_stm32h7xx_dualcore_boot_cm4_cm7.o
 .debug_macro   0x00035e8c       0x35 ./Common/Src/system_stm32h7xx_dualcore_boot_cm4_cm7.o
 .debug_macro   0x00035ec1      0xafa ./Common/Src/system_stm32h7xx_dualcore_boot_cm4_cm7.o
 .debug_macro   0x000369bb      0x29f ./Common/Src/system_stm32h7xx_dualcore_boot_cm4_cm7.o
 .debug_macro   0x00036c5a      0x693 ./Common/Src/system_stm32h7xx_dualcore_boot_cm4_cm7.o
 .debug_macro   0x000372ed       0xa6 ./Common/Src/system_stm32h7xx_dualcore_boot_cm4_cm7.o
 .debug_macro   0x00037393      0x7a4 ./Common/Src/system_stm32h7xx_dualcore_boot_cm4_cm7.o
 .debug_macro   0x00037b37      0x389 ./Core/Src/freertos.o
 .debug_macro   0x00037ec0       0xf1 ./Core/Src/freertos.o
 .debug_macro   0x00037fb1      0x15a ./Core/Src/freertos.o
 .debug_macro   0x0003810b       0xde ./Core/Src/freertos.o
 .debug_macro   0x000381e9       0x1c ./Core/Src/freertos.o
 .debug_macro   0x00038205       0x26 ./Core/Src/freertos.o
 .debug_macro   0x0003822b       0x10 ./Core/Src/freertos.o
 .debug_macro   0x0003823b       0x3c ./Core/Src/freertos.o
 .debug_macro   0x00038277      0x4fe ./Core/Src/freertos.o
 .debug_macro   0x00038775       0xb5 ./Core/Src/freertos.o
 .debug_macro   0x0003882a       0xaa ./Core/Src/freertos.o
 .debug_macro   0x000388d4       0x2e ./Core/Src/freertos.o
 .debug_macro   0x00038902       0x52 ./Core/Src/freertos.o
 .debug_macro   0x00038954      0x137 ./Core/Src/freertos.o
 .debug_macro   0x00038a8b       0x1c ./Core/Src/freertos.o
 .debug_macro   0x00038aa7       0x10 ./Core/Src/freertos.o
 .debug_macro   0x00038ab7       0x1c ./Core/Src/freertos.o
 .debug_macro   0x00038ad3       0x16 ./Core/Src/freertos.o
 .debug_macro   0x00038ae9      0x146 ./Core/Src/freertos.o
 .debug_macro   0x00038c2f      0x3da ./Core/Src/main.o
 .debug_macro   0x00039009       0xf1 ./Core/Src/main.o
 .debug_macro   0x000390fa       0x16 ./Core/Src/main.o
 .debug_macro   0x00039110       0x91 ./Core/Src/main.o
 .debug_macro   0x000391a1       0x8d ./Core/Src/main.o
 .debug_macro   0x0003922e       0x7e ./Core/Src/main.o
 .debug_macro   0x000392ac       0x19 ./Core/Src/main.o
 .debug_macro   0x000392c5       0xf2 ./Core/Src/main.o
 .debug_macro   0x000393b7      0x309 ./Core/Src/stm32h7xx_hal_msp.o
 .debug_macro   0x000396c0      0x2aa ./Core/Src/stm32h7xx_hal_timebase_tim.o
 .debug_macro   0x0003996a      0x313 ./Core/Src/stm32h7xx_it.o
 .debug_macro   0x00039c7d      0x2d4 ./Drivers/STM32H7xx_HAL_Driver/stm32h7xx_hal.o
 .debug_macro   0x00039f51      0x2aa ./Drivers/STM32H7xx_HAL_Driver/stm32h7xx_hal_cortex.o
 .debug_macro   0x0003a1fb      0x2bc ./Drivers/STM32H7xx_HAL_Driver/stm32h7xx_hal_hsem.o
 .debug_macro   0x0003a4b7      0x2e3 ./Drivers/STM32H7xx_HAL_Driver/stm32h7xx_hal_pwr_ex.o
 .debug_macro   0x0003a79a      0x2ce ./Drivers/STM32H7xx_HAL_Driver/stm32h7xx_hal_rcc.o
 .debug_macro   0x0003aa68      0x2ab ./Drivers/STM32H7xx_HAL_Driver/stm32h7xx_hal_tim.o
 .debug_macro   0x0003ad13      0x2aa ./Drivers/STM32H7xx_HAL_Driver/stm32h7xx_hal_tim_ex.o
 .debug_macro   0x0003afbd      0x210 ./Middlewares/Third_Party/FreeRTOS/cmsis_os.o
 .debug_macro   0x0003b1cd       0x10 ./Middlewares/Third_Party/FreeRTOS/cmsis_os.o
 .debug_macro   0x0003b1dd       0x20 ./Middlewares/Third_Party/FreeRTOS/cmsis_os.o
 .debug_macro   0x0003b1fd       0xe9 ./Middlewares/Third_Party/FreeRTOS/cmsis_os.o
 .debug_macro   0x0003b2e6      0x1c0 ./Middlewares/Third_Party/FreeRTOS/heap_4.o
 .debug_macro   0x0003b4a6      0x199 ./Middlewares/Third_Party/FreeRTOS/list.o
 .debug_macro   0x0003b63f      0x246 ./Middlewares/Third_Party/FreeRTOS/port.o
 .debug_macro   0x0003b885      0x28b ./Middlewares/Third_Party/FreeRTOS/tasks.o
 .debug_macro   0x0003bb10       0x10 ./Middlewares/Third_Party/FreeRTOS/tasks.o

.debug_line     0x00000000    0x13511
 .debug_line    0x00000000      0xaa9 ./Common/Src/system_stm32h7xx_dualcore_boot_cm4_cm7.o
 .debug_line    0x00000aa9      0xa88 ./Core/Src/freertos.o
 .debug_line    0x00001531      0xb74 ./Core/Src/main.o
 .debug_line    0x000020a5      0x978 ./Core/Src/stm32h7xx_hal_msp.o
 .debug_line    0x00002a1d      0x95c ./Core/Src/stm32h7xx_hal_timebase_tim.o
 .debug_line    0x00003379      0xa01 ./Core/Src/stm32h7xx_it.o
 .debug_line    0x00003d7a       0x7b ./Core/Startup/startup_stm32h755zitx.o
 .debug_line    0x00003df5     0x1055 ./Drivers/STM32H7xx_HAL_Driver/stm32h7xx_hal.o
 .debug_line    0x00004e4a      0xee9 ./Drivers/STM32H7xx_HAL_Driver/stm32h7xx_hal_cortex.o
 .debug_line    0x00005d33      0xa91 ./Drivers/STM32H7xx_HAL_Driver/stm32h7xx_hal_hsem.o
 .debug_line    0x000067c4     0x11bc ./Drivers/STM32H7xx_HAL_Driver/stm32h7xx_hal_pwr_ex.o
 .debug_line    0x00007980     0x159a ./Drivers/STM32H7xx_HAL_Driver/stm32h7xx_hal_rcc.o
 .debug_line    0x00008f1a     0x4044 ./Drivers/STM32H7xx_HAL_Driver/stm32h7xx_hal_tim.o
 .debug_line    0x0000cf5e     0x1db9 ./Drivers/STM32H7xx_HAL_Driver/stm32h7xx_hal_tim_ex.o
 .debug_line    0x0000ed17     0x1349 ./Middlewares/Third_Party/FreeRTOS/cmsis_os.o
 .debug_line    0x00010060      0x9e9 ./Middlewares/Third_Party/FreeRTOS/heap_4.o
 .debug_line    0x00010a49      0x7d2 ./Middlewares/Third_Party/FreeRTOS/list.o
 .debug_line    0x0001121b      0x9c7 ./Middlewares/Third_Party/FreeRTOS/port.o
 .debug_line    0x00011be2     0x192f ./Middlewares/Third_Party/FreeRTOS/tasks.o

.debug_str      0x00000000   0x18ddbb
 .debug_str     0x00000000   0x18ddbb ./Common/Src/system_stm32h7xx_dualcore_boot_cm4_cm7.o
                             0x18007f (size before relaxing)
 .debug_str     0x0018ddbb   0x184de6 ./Core/Src/freertos.o
 .debug_str     0x0018ddbb   0x187ba2 ./Core/Src/main.o
 .debug_str     0x0018ddbb   0x18164a ./Core/Src/stm32h7xx_hal_msp.o
 .debug_str     0x0018ddbb   0x180f58 ./Core/Src/stm32h7xx_hal_timebase_tim.o
 .debug_str     0x0018ddbb   0x181260 ./Core/Src/stm32h7xx_it.o
 .debug_str     0x0018ddbb       0x86 ./Core/Startup/startup_stm32h755zitx.o
 .debug_str     0x0018ddbb   0x1813af ./Drivers/STM32H7xx_HAL_Driver/stm32h7xx_hal.o
 .debug_str     0x0018ddbb   0x180b35 ./Drivers/STM32H7xx_HAL_Driver/stm32h7xx_hal_cortex.o
 .debug_str     0x0018ddbb   0x17ff19 ./Drivers/STM32H7xx_HAL_Driver/stm32h7xx_hal_hsem.o
 .debug_str     0x0018ddbb   0x1806e4 ./Drivers/STM32H7xx_HAL_Driver/stm32h7xx_hal_pwr_ex.o
 .debug_str     0x0018ddbb   0x18060f ./Drivers/STM32H7xx_HAL_Driver/stm32h7xx_hal_rcc.o
 .debug_str     0x0018ddbb   0x18139b ./Drivers/STM32H7xx_HAL_Driver/stm32h7xx_hal_tim.o
 .debug_str     0x0018ddbb   0x180cc3 ./Drivers/STM32H7xx_HAL_Driver/stm32h7xx_hal_tim_ex.o
 .debug_str     0x0018ddbb     0xed96 ./Middlewares/Third_Party/FreeRTOS/cmsis_os.o
 .debug_str     0x0018ddbb     0xb5fa ./Middlewares/Third_Party/FreeRTOS/heap_4.o
 .debug_str     0x0018ddbb     0xacb8 ./Middlewares/Third_Party/FreeRTOS/list.o
 .debug_str     0x0018ddbb     0xb9f0 ./Middlewares/Third_Party/FreeRTOS/port.o
 .debug_str     0x0018ddbb     0xd372 ./Middlewares/Third_Party/FreeRTOS/tasks.o

.comment        0x00000000       0x43
 .comment       0x00000000       0x43 ./Common/Src/system_stm32h7xx_dualcore_boot_cm4_cm7.o
                                 0x44 (size before relaxing)
 .comment       0x00000043       0x44 ./Core/Src/freertos.o
 .comment       0x00000043       0x44 ./Core/Src/main.o
 .comment       0x00000043       0x44 ./Core/Src/stm32h7xx_hal_msp.o
 .comment       0x00000043       0x44 ./Core/Src/stm32h7xx_hal_timebase_tim.o
 .comment       0x00000043       0x44 ./Core/Src/stm32h7xx_it.o
 .comment       0x00000043       0x44 ./Drivers/STM32H7xx_HAL_Driver/stm32h7xx_hal.o
 .comment       0x00000043       0x44 ./Drivers/STM32H7xx_HAL_Driver/stm32h7xx_hal_cortex.o
 .comment       0x00000043       0x44 ./Drivers/STM32H7xx_HAL_Driver/stm32h7xx_hal_hsem.o
 .comment       0x00000043       0x44 ./Drivers/STM32H7xx_HAL_Driver/stm32h7xx_hal_pwr_ex.o
 .comment       0x00000043       0x44 ./Drivers/STM32H7xx_HAL_Driver/stm32h7xx_hal_rcc.o
 .comment       0x00000043       0x44 ./Drivers/STM32H7xx_HAL_Driver/stm32h7xx_hal_tim.o
 .comment       0x00000043       0x44 ./Drivers/STM32H7xx_HAL_Driver/stm32h7xx_hal_tim_ex.o
 .comment       0x00000043       0x44 ./Middlewares/Third_Party/FreeRTOS/cmsis_os.o
 .comment       0x00000043       0x44 ./Middlewares/Third_Party/FreeRTOS/heap_4.o
 .comment       0x00000043       0x44 ./Middlewares/Third_Party/FreeRTOS/list.o
 .comment       0x00000043       0x44 ./Middlewares/Third_Party/FreeRTOS/port.o
 .comment       0x00000043       0x44 ./Middlewares/Third_Party/FreeRTOS/tasks.o

.debug_frame    0x00000000     0x48f4
 .debug_frame   0x00000000       0x78 ./Common/Src/system_stm32h7xx_dualcore_boot_cm4_cm7.o
 .debug_frame   0x00000078       0x38 ./Core/Src/freertos.o
 .debug_frame   0x000000b0       0x90 ./Core/Src/main.o
 .debug_frame   0x00000140       0x34 ./Core/Src/stm32h7xx_hal_msp.o
 .debug_frame   0x00000174       0x74 ./Core/Src/stm32h7xx_hal_timebase_tim.o
 .debug_frame   0x000001e8       0xc4 ./Core/Src/stm32h7xx_it.o
 .debug_frame   0x000002ac      0x848 ./Drivers/STM32H7xx_HAL_Driver/stm32h7xx_hal.o
 .debug_frame   0x00000af4      0x508 ./Drivers/STM32H7xx_HAL_Driver/stm32h7xx_hal_cortex.o
 .debug_frame   0x00000ffc      0x1bc ./Drivers/STM32H7xx_HAL_Driver/stm32h7xx_hal_hsem.o
 .debug_frame   0x000011b8      0x5ec ./Drivers/STM32H7xx_HAL_Driver/stm32h7xx_hal_pwr_ex.o
 .debug_frame   0x000017a4      0x1f8 ./Drivers/STM32H7xx_HAL_Driver/stm32h7xx_hal_rcc.o
 .debug_frame   0x0000199c     0x121c ./Drivers/STM32H7xx_HAL_Driver/stm32h7xx_hal_tim.o
 .debug_frame   0x00002bb8      0x6d8 ./Drivers/STM32H7xx_HAL_Driver/stm32h7xx_hal_tim_ex.o
 .debug_frame   0x00003290      0x80c ./Middlewares/Third_Party/FreeRTOS/cmsis_os.o
 .debug_frame   0x00003a9c      0x12c ./Middlewares/Third_Party/FreeRTOS/heap_4.o
 .debug_frame   0x00003bc8       0xd8 ./Middlewares/Third_Party/FreeRTOS/list.o
 .debug_frame   0x00003ca0      0x1a8 ./Middlewares/Third_Party/FreeRTOS/port.o
 .debug_frame   0x00003e48      0x77c ./Middlewares/Third_Party/FreeRTOS/tasks.o
 .debug_frame   0x000045c4      0x144 C:/ST/STM32CubeIDE_1.19.0/STM32CubeIDE/plugins/com.st.stm32cube.ide.mcu.externaltools.gnu-tools-for-stm32.13.3.rel1.win32_1.0.0.202411081344/tools/bin/../lib/gcc/arm-none-eabi/13.3.1/../../../../arm-none-eabi/lib/thumb/v7e-m+fp/hard\libc_nano.a(libc_a-findfp.o)
 .debug_frame   0x00004708       0x20 C:/ST/STM32CubeIDE_1.19.0/STM32CubeIDE/plugins/com.st.stm32cube.ide.mcu.externaltools.gnu-tools-for-stm32.13.3.rel1.win32_1.0.0.202411081344/tools/bin/../lib/gcc/arm-none-eabi/13.3.1/../../../../arm-none-eabi/lib/thumb/v7e-m+fp/hard\libc_nano.a(libc_a-memset.o)
 .debug_frame   0x00004728       0x38 C:/ST/STM32CubeIDE_1.19.0/STM32CubeIDE/plugins/com.st.stm32cube.ide.mcu.externaltools.gnu-tools-for-stm32.13.3.rel1.win32_1.0.0.202411081344/tools/bin/../lib/gcc/arm-none-eabi/13.3.1/../../../../arm-none-eabi/lib/thumb/v7e-m+fp/hard\libc_nano.a(libc_a-reent.o)
 .debug_frame   0x00004760       0x2c C:/ST/STM32CubeIDE_1.19.0/STM32CubeIDE/plugins/com.st.stm32cube.ide.mcu.externaltools.gnu-tools-for-stm32.13.3.rel1.win32_1.0.0.202411081344/tools/bin/../lib/gcc/arm-none-eabi/13.3.1/../../../../arm-none-eabi/lib/thumb/v7e-m+fp/hard\libc_nano.a(libc_a-init.o)
 .debug_frame   0x0000478c       0xb0 C:/ST/STM32CubeIDE_1.19.0/STM32CubeIDE/plugins/com.st.stm32cube.ide.mcu.externaltools.gnu-tools-for-stm32.13.3.rel1.win32_1.0.0.202411081344/tools/bin/../lib/gcc/arm-none-eabi/13.3.1/../../../../arm-none-eabi/lib/thumb/v7e-m+fp/hard\libc_nano.a(libc_a-lock.o)
 .debug_frame   0x0000483c       0x38 C:/ST/STM32CubeIDE_1.19.0/STM32CubeIDE/plugins/com.st.stm32cube.ide.mcu.externaltools.gnu-tools-for-stm32.13.3.rel1.win32_1.0.0.202411081344/tools/bin/../lib/gcc/arm-none-eabi/13.3.1/../../../../arm-none-eabi/lib/thumb/v7e-m+fp/hard\libc_nano.a(libc_a-freer.o)
 .debug_frame   0x00004874       0x50 C:/ST/STM32CubeIDE_1.19.0/STM32CubeIDE/plugins/com.st.stm32cube.ide.mcu.externaltools.gnu-tools-for-stm32.13.3.rel1.win32_1.0.0.202411081344/tools/bin/../lib/gcc/arm-none-eabi/13.3.1/../../../../arm-none-eabi/lib/thumb/v7e-m+fp/hard\libc_nano.a(libc_a-mallocr.o)
 .debug_frame   0x000048c4       0x30 C:/ST/STM32CubeIDE_1.19.0/STM32CubeIDE/plugins/com.st.stm32cube.ide.mcu.externaltools.gnu-tools-for-stm32.13.3.rel1.win32_1.0.0.202411081344/tools/bin/../lib/gcc/arm-none-eabi/13.3.1/../../../../arm-none-eabi/lib/thumb/v7e-m+fp/hard\libc_nano.a(libc_a-mlock.o)

.debug_line_str
                0x00000000       0x6a
 .debug_line_str
                0x00000000       0x6a ./Core/Startup/startup_stm32h755zitx.o
